<html>
<body>
<pre>
<h1>µVision Build Log</h1>
<h2>Tool Versions:</h2>
IDE-Version: µVision V5.23.0.0
Copyright (C) 2017 ARM Ltd and ARM Germany GmbH. All rights reserved.
License Information: Oliver Williams, n/a, LIC=----
 
Tool Versions:
Toolchain:       MDK-Lite  Version: 5.23
Toolchain Path:  C:\Keil_v5\ARM\ARMCC\Bin
C Compiler:      Armcc.exe V5.06 update 4 (build 422)
Assembler:       Armasm.exe V5.06 update 4 (build 422)
Linker/Locator:  ArmLink.exe V5.06 update 4 (build 422)
Library Manager: ArmAr.exe V5.06 update 4 (build 422)
Hex Converter:   FromElf.exe V5.06 update 4 (build 422)
CPU DLL:         
Dialog DLL:      
Target DLL:      Segger\JL2CM3.dll V2.99.23.0
Dialog DLL:      TARMCM1.DLL V1.12.0.0
 
<h2>Project:</h2>
C:\Users\williamsoliver\Documents\Keil\nRF51_SDK_10.0.0_dc26b5e\examples\ble_peripheral\ble_app_segger\pca10028\s130\arm5_no_packs\ble_app_hrs_s130_pca10028.uvprojx
Project File Date:  03/13/2017

<h2>Output:</h2>
*** Using Compiler 'V5.06 update 4 (build 422)', folder: 'C:\Keil_v5\ARM\ARMCC\Bin'
Rebuild target 'nrf51422_xxac_s130'
compiling dht22.c...
compiling bsp_btn_ble.c...
compiling bsp.c...
compiling main.c...
compiling ble_advdata.c...
compiling ble_bas.c...
compiling ble_conn_params.c...
compiling ble_dis.c...
compiling ble_hrs.c...
compiling ble_srv_common.c...
compiling ble_advertising.c...
compiling nrf_delay.c...
compiling app_uart_fifo.c...
compiling nrf_drv_common.c...
compiling device_manager_peripheral.c...
compiling nrf_drv_uart.c...
compiling nrf_drv_gpiote.c...
compiling pstorage.c...
compiling app_fifo.c...
compiling app_trace.c...
compiling app_error.c...
compiling app_button.c...
compiling retarget.c...
compiling nrf_assert.c...
compiling sensorsim.c...
compiling RTT_Syscalls_KEIL.c...
compiling app_timer.c...
compiling SEGGER_RTT.c...
compiling SEGGER_RTT_printf.c...
assembling arm_startup_nrf51.s...
compiling softdevice_handler.c...
compiling twi_sw_master.c...
compiling system_nrf51.c...
linking...
Program Size: Code=14904 RO-data=408 RW-data=200 ZI-data=4920  
FromELF: creating hex file...
".\_build\nrf51422_xxac_s130.axf" - 0 Error(s), 0 Warning(s).

<h2>Software Packages used:</h2>

Package Vendor: ARM
                http://www.keil.com/pack/ARM.CMSIS.4.5.0.pack
                ARM::CMSIS:CORE:4.3.0
                CMSIS (Cortex Microcontroller Software Interface Standard)
   * Component: CORE Version: 4.3.0

Package Vendor: NordicSemiconductor
                http://developer.nordicsemi.com/nRF51_SDK/pieces/nRF_DeviceFamilyPack/NordicSemiconductor.nRF_DeviceFamilyPack.8.2.0.pack
                NordicSemiconductor::Device:Startup:8.2.0
                Nordic Semiconductor nRF ARM devices Device Family Pack.
   * Component: Startup Version: 8.2.0

<h2>Collection of Component include folders:</h2>
  .\RTE\_nrf51422_xxac_s130
  C:\Keil_v5\ARM\PACK\ARM\CMSIS\4.5.0\CMSIS\Include
  C:\Keil_v5\ARM\PACK\NordicSemiconductor\nRF_DeviceFamilyPack\8.11.1\Device\Include
  C:\Keil_v5\ARM\PACK\NordicSemiconductor\nRF_DeviceFamilyPack\8.2.0\Device\Include

<h2>Collection of Component Files used:</h2>

   * Component: ARM::CMSIS:CORE:4.3.0

   * Component: NordicSemiconductor::Device:Startup:8.2.0
      Source file:   Device\Source\arm\arm_startup_nrf51.s
      Source file:   Device\Source\system_nrf51.c
      Include file:  Device\Include\system_nrf51.h
Build Time Elapsed:  00:00:06
</pre>
</body>
</html>
