Component: ARM Compiler 5.06 update 4 (build 422) Tool: armlink [4d35d2]

==============================================================================

Section Cross References

    main.o(i.advertising_init) refers to memseta.o(.text) for __aeabi_memclr4
    main.o(i.advertising_init) refers to ble_advertising.o(i.ble_advertising_init) for ble_advertising_init
    main.o(i.advertising_init) refers to app_error.o(i.app_error_handler) for app_error_handler
    main.o(i.advertising_init) refers to main.o(.bss) for .bss
    main.o(i.advertising_init) refers to main.o(.data) for .data
    main.o(i.advertising_init) refers to main.o(i.on_adv_evt) for on_adv_evt
    main.o(i.assert_nrf_callback) refers to app_error.o(i.app_error_handler) for app_error_handler
    main.o(i.device_manager_evt_handler) refers to app_error.o(i.app_error_handler) for app_error_handler
    main.o(i.device_manager_init) refers to pstorage.o(i.pstorage_init) for pstorage_init
    main.o(i.device_manager_init) refers to app_error.o(i.app_error_handler) for app_error_handler
    main.o(i.device_manager_init) refers to device_manager_peripheral.o(i.dm_init) for dm_init
    main.o(i.device_manager_init) refers to memseta.o(.text) for __aeabi_memclr
    main.o(i.device_manager_init) refers to device_manager_peripheral.o(i.dm_register) for dm_register
    main.o(i.device_manager_init) refers to main.o(i.device_manager_evt_handler) for device_manager_evt_handler
    main.o(i.device_manager_init) refers to main.o(.data) for .data
    main.o(i.gap_params_init) refers to app_error.o(i.app_error_handler) for app_error_handler
    main.o(i.main) refers to segger_rtt.o(i.SEGGER_RTT_WriteString) for SEGGER_RTT_WriteString
    main.o(i.main) refers to main.o(i.timers_init) for timers_init
    main.o(i.main) refers to bsp.o(i.bsp_init) for bsp_init
    main.o(i.main) refers to app_error.o(i.app_error_handler) for app_error_handler
    main.o(i.main) refers to softdevice_handler.o(i.softdevice_handler_init) for softdevice_handler_init
    main.o(i.main) refers to main.o(i.device_manager_init) for device_manager_init
    main.o(i.main) refers to main.o(i.gap_params_init) for gap_params_init
    main.o(i.main) refers to main.o(i.advertising_init) for advertising_init
    main.o(i.main) refers to app_timer.o(i.app_timer_start) for app_timer_start
    main.o(i.main) refers to main.o(.data) for .data
    main.o(i.main) refers to main.o(.bss) for .bss
    main.o(i.main) refers to main.o(.constdata) for .constdata
    main.o(i.on_adv_evt) refers to bsp.o(i.bsp_indication_set) for bsp_indication_set
    main.o(i.on_adv_evt) refers to app_error.o(i.app_error_handler) for app_error_handler
    main.o(i.on_adv_evt) refers to bsp_btn_ble.o(i.bsp_btn_ble_sleep_mode_prepare) for bsp_btn_ble_sleep_mode_prepare
    main.o(i.read_temp_info) refers to twi_sw_master.o(i.twi_master_init) for twi_master_init
    main.o(i.read_temp_info) refers to twi_sw_master.o(i.twi_master_transfer) for twi_master_transfer
    main.o(i.read_temp_info) refers to segger_rtt.o(i.SEGGER_RTT_WriteString) for SEGGER_RTT_WriteString
    main.o(i.read_temp_info) refers to segger_rtt_printf.o(i.SEGGER_RTT_printf) for SEGGER_RTT_printf
    main.o(i.read_temp_info) refers to memmovea.o(.text) for __aeabi_memcpy
    main.o(i.read_temp_info) refers to main.o(.data) for .data
    main.o(i.sampler_timer_handler) refers to main.o(i.read_temp_info) for read_temp_info
    main.o(i.sampler_timer_handler) refers to app_error.o(i.app_error_handler) for app_error_handler
    main.o(i.sampler_timer_handler) refers to ble_advdata.o(i.ble_advdata_set) for ble_advdata_set
    main.o(i.sampler_timer_handler) refers to ble_advertising.o(i.ble_advertising_start) for ble_advertising_start
    main.o(i.sampler_timer_handler) refers to main.o(.bss) for .bss
    main.o(i.timers_init) refers to app_timer.o(i.app_timer_init) for app_timer_init
    main.o(i.timers_init) refers to app_error.o(i.app_error_handler) for app_error_handler
    main.o(i.timers_init) refers to app_timer.o(i.app_timer_create) for app_timer_create
    main.o(i.timers_init) refers to main.o(.bss) for .bss
    main.o(i.timers_init) refers to main.o(.data) for .data
    main.o(i.timers_init) refers to main.o(i.sampler_timer_handler) for sampler_timer_handler
    main.o(i.timers_init) refers to main.o(.constdata) for .constdata
    main.o(i.timers_init) refers to main.o(i.warmup_timer_handler) for warmup_timer_handler
    main.o(i.warmup_timer_handler) refers to memmovea.o(.text) for __aeabi_memcpy4
    main.o(i.warmup_timer_handler) refers to segger_rtt.o(i.SEGGER_RTT_WriteString) for SEGGER_RTT_WriteString
    main.o(i.warmup_timer_handler) refers to main.o(i.read_temp_info) for read_temp_info
    main.o(i.warmup_timer_handler) refers to ble_advdata.o(i.ble_advdata_set) for ble_advdata_set
    main.o(i.warmup_timer_handler) refers to app_error.o(i.app_error_handler) for app_error_handler
[...]
    ../clib/microlib/string/memcpy.c         0x00000000   Number         0  memcpya.o ABSOLUTE
    ../clib/microlib/string/memcpy.c         0x00000000   Number         0  memmovea.o ABSOLUTE
    ../clib/microlib/string/memcpy.c         0x00000000   Number         0  memcpyb.o ABSOLUTE
    ../clib/microlib/string/memset.c         0x00000000   Number         0  memseta.o ABSOLUTE
    ../clib/microlib/string/strcmp.c         0x00000000   Number         0  strcmp.o ABSOLUTE
    ../clib/microlib/string/strcpy.c         0x00000000   Number         0  strcpy.o ABSOLUTE
    ../clib/microlib/string/strlen.c         0x00000000   Number         0  strlen.o ABSOLUTE
    ../clib/microlib/stubs.s                 0x00000000   Number         0  iusesemip.o ABSOLUTE
    ..\..\..\..\..\..\components\ble\ble_advertising\ble_advertising.c 0x00000000   Number         0  ble_advertising.o ABSOLUTE
    ..\..\..\..\..\..\components\ble\ble_services\ble_bas\ble_bas.c 0x00000000   Number         0  ble_bas.o ABSOLUTE
    ..\..\..\..\..\..\components\ble\ble_services\ble_dis\ble_dis.c 0x00000000   Number         0  ble_dis.o ABSOLUTE
    ..\..\..\..\..\..\components\ble\ble_services\ble_hrs\ble_hrs.c 0x00000000   Number         0  ble_hrs.o ABSOLUTE
    ..\..\..\..\..\..\components\ble\common\ble_advdata.c 0x00000000   Number         0  ble_advdata.o ABSOLUTE
    ..\..\..\..\..\..\components\ble\common\ble_conn_params.c 0x00000000   Number         0  ble_conn_params.o ABSOLUTE
    ..\..\..\..\..\..\components\ble\common\ble_srv_common.c 0x00000000   Number         0  ble_srv_common.o ABSOLUTE
    ..\..\..\..\..\..\components\ble\device_manager\device_manager_peripheral.c 0x00000000   Number         0  device_manager_peripheral.o ABSOLUTE
    ..\..\..\..\..\..\components\drivers_nrf\common\nrf_drv_common.c 0x00000000   Number         0  nrf_drv_common.o ABSOLUTE
    ..\..\..\..\..\..\components\drivers_nrf\delay\nrf_delay.c 0x00000000   Number         0  nrf_delay.o ABSOLUTE
    ..\..\..\..\..\..\components\drivers_nrf\gpiote\nrf_drv_gpiote.c 0x00000000   Number         0  nrf_drv_gpiote.o ABSOLUTE
    ..\..\..\..\..\..\components\drivers_nrf\pstorage\pstorage.c 0x00000000   Number         0  pstorage.o ABSOLUTE
    ..\..\..\..\..\..\components\drivers_nrf\uart\nrf_drv_uart.c 0x00000000   Number         0  nrf_drv_uart.o ABSOLUTE
    ..\..\..\..\..\..\components\libraries\button\app_button.c 0x00000000   Number         0  app_button.o ABSOLUTE
    ..\..\..\..\..\..\components\libraries\fifo\app_fifo.c 0x00000000   Number         0  app_fifo.o ABSOLUTE
    ..\..\..\..\..\..\components\libraries\sensorsim\sensorsim.c 0x00000000   Number         0  sensorsim.o ABSOLUTE
    ..\..\..\..\..\..\components\libraries\timer\app_timer.c 0x00000000   Number         0  app_timer.o ABSOLUTE
    ..\..\..\..\..\..\components\libraries\trace\app_trace.c 0x00000000   Number         0  app_trace.o ABSOLUTE
    ..\..\..\..\..\..\components\libraries\uart\app_uart_fifo.c 0x00000000   Number         0  app_uart_fifo.o ABSOLUTE
    ..\..\..\..\..\..\components\libraries\uart\retarget.c 0x00000000   Number         0  retarget.o ABSOLUTE
    ..\..\..\..\..\..\components\libraries\util\app_error.c 0x00000000   Number         0  app_error.o ABSOLUTE
    ..\..\..\..\..\..\components\libraries\util\nrf_assert.c 0x00000000   Number         0  nrf_assert.o ABSOLUTE
    ..\..\..\..\..\..\components\softdevice\common\softdevice_handler\softdevice_handler.c 0x00000000   Number         0  softdevice_handler.o ABSOLUTE
    ..\..\..\..\..\..\external\segger_rtt\RTT_Syscalls_KEIL.c 0x00000000   Number         0  rtt_syscalls_keil.o ABSOLUTE
    ..\..\..\..\..\..\external\segger_rtt\SEGGER_RTT.c 0x00000000   Number         0  segger_rtt.o ABSOLUTE
    ..\..\..\..\..\..\external\segger_rtt\SEGGER_RTT_printf.c 0x00000000   Number         0  segger_rtt_printf.o ABSOLUTE
    ..\..\..\..\..\bsp\bsp.c                 0x00000000   Number         0  bsp.o ABSOLUTE
    ..\..\..\..\..\bsp\bsp_btn_ble.c         0x00000000   Number         0  bsp_btn_ble.o ABSOLUTE
    ..\..\..\dht22.c                         0x00000000   Number         0  dht22.o ABSOLUTE
    ..\..\..\main.c                          0x00000000   Number         0  main.o ABSOLUTE
    ..\..\..\twi_sw_master.c                 0x00000000   Number         0  twi_sw_master.o ABSOLUTE
    ..\\..\\..\\..\\..\\..\\components\\ble\\ble_advertising\\ble_advertising.c 0x00000000   Number         0  ble_advertising.o ABSOLUTE
    ..\\..\\..\\..\\..\\..\\components\\ble\\device_manager\\device_manager_peripheral.c 0x00000000   Number         0  device_manager_peripheral.o ABSOLUTE
    ..\\..\\..\\..\\..\\..\\components\\drivers_nrf\\common\\nrf_drv_common.c 0x00000000   Number         0  nrf_drv_common.o ABSOLUTE
    ..\\..\\..\\..\\..\\..\\components\\drivers_nrf\\delay\\nrf_delay.c 0x00000000   Number         0  nrf_delay.o ABSOLUTE
    ..\\..\\..\\..\\..\\..\\components\\drivers_nrf\\gpiote\\nrf_drv_gpiote.c 0x00000000   Number         0  nrf_drv_gpiote.o ABSOLUTE
    ..\\..\\..\\..\\..\\..\\components\\drivers_nrf\\pstorage\\pstorage.c 0x00000000   Number         0  pstorage.o ABSOLUTE
    ..\\..\\..\\..\\..\\..\\components\\drivers_nrf\\uart\\nrf_drv_uart.c 0x00000000   Number         0  nrf_drv_uart.o ABSOLUTE
    ..\\..\\..\\..\\..\\..\\components\\libraries\\button\\app_button.c 0x00000000   Number         0  app_button.o ABSOLUTE
    ..\\..\\..\\..\\..\\..\\components\\libraries\\timer\\app_timer.c 0x00000000   Number         0  app_timer.o ABSOLUTE
    ..\\..\\..\\..\\..\\..\\components\\libraries\\uart\\app_uart_fifo.c 0x00000000   Number         0  app_uart_fifo.o ABSOLUTE
    ..\\..\\..\\..\\..\\..\\components\\libraries\\util\\app_error.c 0x00000000   Number         0  app_error.o ABSOLUTE
    ..\\..\\..\\..\\..\\..\\components\\softdevice\\common\\softdevice_handler\\softdevice_handler.c 0x00000000   Number         0  softdevice_handler.o ABSOLUTE
    ..\\..\\..\\..\\..\\bsp\\bsp.c           0x00000000   Number         0  bsp.o ABSOLUTE
    ..\\..\\..\\..\\..\\bsp\\bsp_btn_ble.c   0x00000000   Number         0  bsp_btn_ble.o ABSOLUTE
    ..\\..\\..\\dht22.c                      0x00000000   Number         0  dht22.o ABSOLUTE
    ..\\..\\..\\main.c                       0x00000000   Number         0  main.o ABSOLUTE
    ..\\..\\..\\twi_sw_master.c              0x00000000   Number         0  twi_sw_master.o ABSOLUTE
    RTE\Device\nRF51422_xxAC\arm_startup_nrf51.s 0x00000000   Number         0  arm_startup_nrf51.o ABSOLUTE
    RTE\Device\nRF51422_xxAC\system_nrf51.c  0x00000000   Number         0  system_nrf51.o ABSOLUTE
    RTE\\Device\\nRF51422_xxAC\\system_nrf51.c 0x00000000   Number         0  system_nrf51.o ABSOLUTE
    dc.s                                     0x00000000   Number         0  dc.o ABSOLUTE
    handlers.s                               0x00000000   Number         0  handlers.o ABSOLUTE
    init.s                                   0x00000000   Number         0  init.o ABSOLUTE
    RESET                                    0x0001c000   Section      192  arm_startup_nrf51.o(RESET)
    .ARM.Collect$$$$00000000                 0x0001c0c0   Section        0  entry.o(.ARM.Collect$$$$00000000)
    .ARM.Collect$$$$00000001                 0x0001c0c0   Section        4  entry2.o(.ARM.Collect$$$$00000001)
    .ARM.Collect$$$$00000004                 0x0001c0c4   Section        4  entry5.o(.ARM.Collect$$$$00000004)
    .ARM.Collect$$$$00000008                 0x0001c0c8   Section        0  entry7b.o(.ARM.Collect$$$$00000008)
    .ARM.Collect$$$$0000000A                 0x0001c0c8   Section        0  entry8b.o(.ARM.Collect$$$$0000000A)
    .ARM.Collect$$$$0000000B                 0x0001c0c8   Section        8  entry9a.o(.ARM.Collect$$$$0000000B)
    .ARM.Collect$$$$0000000D                 0x0001c0d0   Section        0  entry10a.o(.ARM.Collect$$$$0000000D)
    .ARM.Collect$$$$0000000F                 0x0001c0d0   Section        0  entry11a.o(.ARM.Collect$$$$0000000F)
    .ARM.Collect$$$$00002712                 0x0001c0d0   Section        4  entry2.o(.ARM.Collect$$$$00002712)
    __lit__00000000                          0x0001c0d0   Data           4  entry2.o(.ARM.Collect$$$$00002712)
    .emb_text                                0x0001c0d4   Section       30  app_timer.o(.emb_text)
    .emb_text                                0x0001c0f4   Section       30  twi_sw_master.o(.emb_text)
    .text                                    0x0001c114   Section       56  arm_startup_nrf51.o(.text)
    .text                                    0x0001c14c   Section        0  uidiv.o(.text)
    .text                                    0x0001c178   Section        0  idiv.o(.text)
    .text                                    0x0001c1a0   Section        0  memmovea.o(.text)
    .text                                    0x0001c1e0   Section        0  memseta.o(.text)
    .text                                    0x0001c204   Section        0  strlen.o(.text)
    .text                                    0x0001c212   Section        0  memcmp.o(.text)
    .text                                    0x0001c22c   Section        0  strcpy.o(.text)
    .text                                    0x0001c240   Section       36  init.o(.text)
    i.GPIOTE_IRQHandler                      0x0001c264   Section        0  nrf_drv_gpiote.o(i.GPIOTE_IRQHandler)
    i.NVIC_SetPriority                       0x0001c36c   Section        0  app_timer.o(i.NVIC_SetPriority)
    NVIC_SetPriority                         0x0001c36d   Thumb Code    60  app_timer.o(i.NVIC_SetPriority)
    i.RTC1_IRQHandler                        0x0001c3b0   Section        0  app_timer.o(i.RTC1_IRQHandler)
    i.SEGGER_RTT_Write                       0x0001c3d0   Section        0  segger_rtt.o(i.SEGGER_RTT_Write)
    i.SEGGER_RTT_WriteNoLock                 0x0001c3f4   Section        0  segger_rtt.o(i.SEGGER_RTT_WriteNoLock)
    i.SEGGER_RTT_WriteString                 0x0001c450   Section        0  segger_rtt.o(i.SEGGER_RTT_WriteString)
    i.SEGGER_RTT_printf                      0x0001c468   Section        0  segger_rtt_printf.o(i.SEGGER_RTT_printf)
    i.SEGGER_RTT_vprintf                     0x0001c480   Section        0  segger_rtt_printf.o(i.SEGGER_RTT_vprintf)
    i.SWI0_IRQHandler                        0x0001c614   Section        0  app_timer.o(i.SWI0_IRQHandler)
    i.SWI2_IRQHandler                        0x0001c61c   Section        0  softdevice_handler.o(i.SWI2_IRQHandler)
    i.SystemInit                             0x0001c640   Section        0  system_nrf51.o(i.SystemInit)
    i.UART0_IRQHandler                       0x0001c694   Section        0  nrf_drv_uart.o(i.UART0_IRQHandler)
    i._DoInit                                0x0001c798   Section        0  segger_rtt.o(i._DoInit)
    _DoInit                                  0x0001c799   Thumb Code    74  segger_rtt.o(i._DoInit)
    i._GetAvailWriteSpace                    0x0001c804   Section        0  segger_rtt.o(i._GetAvailWriteSpace)
    _GetAvailWriteSpace                      0x0001c805   Thumb Code    22  segger_rtt.o(i._GetAvailWriteSpace)
    i._PrintInt                              0x0001c81a   Section        0  segger_rtt_printf.o(i._PrintInt)
    _PrintInt                                0x0001c81b   Thumb Code   200  segger_rtt_printf.o(i._PrintInt)
    i._PrintUnsigned                         0x0001c8e4   Section        0  segger_rtt_printf.o(i._PrintUnsigned)
    _PrintUnsigned                           0x0001c8e5   Thumb Code   210  segger_rtt_printf.o(i._PrintUnsigned)
    i._StoreChar                             0x0001c9bc   Section        0  segger_rtt_printf.o(i._StoreChar)
    _StoreChar                               0x0001c9bd   Thumb Code    62  segger_rtt_printf.o(i._StoreChar)
    i._WriteBlocking                         0x0001c9fa   Section        0  segger_rtt.o(i._WriteBlocking)
    _WriteBlocking                           0x0001c9fb   Thumb Code    96  segger_rtt.o(i._WriteBlocking)
    i._WriteNoCheck                          0x0001ca5a   Section        0  segger_rtt.o(i._WriteNoCheck)
    _WriteNoCheck                            0x0001ca5b   Thumb Code    60  segger_rtt.o(i._WriteNoCheck)
    i.__ARM_common_switch8                   0x0001ca96   Section        0  bsp.o(i.__ARM_common_switch8)
    i.__scatterload_copy                     0x0001cab0   Section       14  handlers.o(i.__scatterload_copy)
    i.__scatterload_null                     0x0001cabe   Section        2  handlers.o(i.__scatterload_null)
    i.__scatterload_zeroinit                 0x0001cac0   Section       14  handlers.o(i.__scatterload_zeroinit)
    i.adv_data_encode                        0x0001cace   Section        0  ble_advdata.o(i.adv_data_encode)
    i.advertising_init                       0x0001cce4   Section        0  main.o(i.advertising_init)
    advertising_init                         0x0001cce5   Thumb Code   104  main.o(i.advertising_init)
    i.alert_timer_handler                    0x0001cd60   Section        0  bsp.o(i.alert_timer_handler)
    alert_timer_handler                      0x0001cd61   Thumb Code    20  bsp.o(i.alert_timer_handler)
    i.app_button_enable                      0x0001cd78   Section        0  app_button.o(i.app_button_enable)
    i.app_button_init                        0x0001cd9c   Section        0  app_button.o(i.app_button_init)
    i.app_error_handler                      0x0001ce10   Section        0  app_error.o(i.app_error_handler)
    i.app_evt_notify                         0x0001ce2c   Section        0  device_manager_peripheral.o(i.app_evt_notify)
    app_evt_notify                           0x0001ce2d   Thumb Code     6  device_manager_peripheral.o(i.app_evt_notify)
    i.app_notify                             0x0001ce38   Section        0  pstorage.o(i.app_notify)
    app_notify                               0x0001ce39   Thumb Code    34  pstorage.o(i.app_notify)
    i.app_notify_error_state_transit         0x0001ce64   Section        0  pstorage.o(i.app_notify_error_state_transit)
    app_notify_error_state_transit           0x0001ce65   Thumb Code    26  pstorage.o(i.app_notify_error_state_transit)
    i.app_timer_create                       0x0001ce84   Section        0  app_timer.o(i.app_timer_create)
    i.app_timer_init                         0x0001ceb0   Section        0  app_timer.o(i.app_timer_init)
    i.app_timer_start                        0x0001cf40   Section        0  app_timer.o(i.app_timer_start)
    i.app_timer_stop                         0x0001cfbc   Section        0  app_timer.o(i.app_timer_stop)
    i.ble_advdata_set                        0x0001d010   Section        0  ble_advdata.o(i.ble_advdata_set)
    i.ble_advertising_init                   0x0001d078   Section        0  ble_advertising.o(i.ble_advertising_init)
    i.ble_advertising_peer_address_clear     0x0001d19c   Section        0  ble_advertising.o(i.ble_advertising_peer_address_clear)
    ble_advertising_peer_address_clear       0x0001d19d   Thumb Code    12  ble_advertising.o(i.ble_advertising_peer_address_clear)
    i.ble_advertising_start                  0x0001d1ac   Section        0  ble_advertising.o(i.ble_advertising_start)
    i.ble_device_addr_encode                 0x0001d38c   Section        0  ble_advdata.o(i.ble_device_addr_encode)
    ble_device_addr_encode                   0x0001d38d   Thumb Code    94  ble_advdata.o(i.ble_device_addr_encode)
    i.bsp_btn_ble_sleep_mode_prepare         0x0001d3ea   Section        0  bsp_btn_ble.o(i.bsp_btn_ble_sleep_mode_prepare)
    i.bsp_button_event_handler               0x0001d400   Section        0  bsp.o(i.bsp_button_event_handler)
    bsp_button_event_handler                 0x0001d401   Thumb Code   148  bsp.o(i.bsp_button_event_handler)
    i.bsp_event_to_button_action_assign      0x0001d4a0   Section        0  bsp.o(i.bsp_event_to_button_action_assign)
    i.bsp_indication_set                     0x0001d4e8   Section        0  bsp.o(i.bsp_indication_set)
    i.bsp_init                               0x0001d504   Section        0  bsp.o(i.bsp_init)
    i.bsp_led_indication                     0x0001d5a4   Section        0  bsp.o(i.bsp_led_indication)
    bsp_led_indication                       0x0001d5a5   Thumb Code   492  bsp.o(i.bsp_led_indication)
    i.bsp_wakeup_buttons_set                 0x0001d79c   Section        0  bsp.o(i.bsp_wakeup_buttons_set)
    i.button_timer_handler                   0x0001d7d8   Section        0  bsp.o(i.button_timer_handler)
    button_timer_handler                     0x0001d7d9   Thumb Code    12  bsp.o(i.button_timer_handler)
    i.channel_free                           0x0001d7e4   Section        0  nrf_drv_gpiote.o(i.channel_free)
    channel_free                             0x0001d7e5   Thumb Code    22  nrf_drv_gpiote.o(i.channel_free)
    i.channel_port_alloc                     0x0001d800   Section        0  nrf_drv_gpiote.o(i.channel_port_alloc)
    channel_port_alloc                       0x0001d801   Thumb Code    66  nrf_drv_gpiote.o(i.channel_port_alloc)
    i.channel_port_get                       0x0001d848   Section        0  nrf_drv_gpiote.o(i.channel_port_get)
    channel_port_get                         0x0001d849   Thumb Code    10  nrf_drv_gpiote.o(i.channel_port_get)
    i.clear_operation_execute                0x0001d858   Section        0  pstorage.o(i.clear_operation_execute)
    clear_operation_execute                  0x0001d859   Thumb Code   252  pstorage.o(i.clear_operation_execute)
    i.clear_post_processing_run              0x0001d95c   Section        0  pstorage.o(i.clear_post_processing_run)
    clear_post_processing_run                0x0001d95d   Thumb Code    32  pstorage.o(i.clear_post_processing_run)
    i.cmd_process                            0x0001d980   Section        0  pstorage.o(i.cmd_process)
    cmd_process                              0x0001d981   Thumb Code    46  pstorage.o(i.cmd_process)
    i.cmd_queue_element_init                 0x0001d9b8   Section        0  pstorage.o(i.cmd_queue_element_init)
    cmd_queue_element_init                   0x0001d9b9   Thumb Code    26  pstorage.o(i.cmd_queue_element_init)
    i.cmd_queue_enqueue                      0x0001d9d8   Section        0  pstorage.o(i.cmd_queue_enqueue)
    cmd_queue_enqueue                        0x0001d9d9   Thumb Code    68  pstorage.o(i.cmd_queue_enqueue)
    i.command_end_procedure_run              0x0001da24   Section        0  pstorage.o(i.command_end_procedure_run)
    command_end_procedure_run                0x0001da25   Thumb Code    56  pstorage.o(i.command_end_procedure_run)
    i.compare_reg_update                     0x0001da60   Section        0  app_timer.o(i.compare_reg_update)
    compare_reg_update                       0x0001da61   Thumb Code   142  app_timer.o(i.compare_reg_update)
    i.conn_int_encode                        0x0001db08   Section        0  ble_advdata.o(i.conn_int_encode)
    conn_int_encode                          0x0001db09   Thumb Code   130  ble_advdata.o(i.conn_int_encode)
    i.connection_instance_init               0x0001db90   Section        0  device_manager_peripheral.o(i.connection_instance_init)
    connection_instance_init                 0x0001db91   Thumb Code    30  device_manager_peripheral.o(i.connection_instance_init)
    i.data_page_erase_state_run              0x0001dbb4   Section        0  pstorage.o(i.data_page_erase_state_run)
    data_page_erase_state_run                0x0001dbb5   Thumb Code    80  pstorage.o(i.data_page_erase_state_run)
    i.data_to_swap_write_state_run           0x0001dc08   Section        0  pstorage.o(i.data_to_swap_write_state_run)
    data_to_swap_write_state_run             0x0001dc09   Thumb Code    34  pstorage.o(i.data_to_swap_write_state_run)
    i.detection_delay_timeout_handler        0x0001dc30   Section        0  app_button.o(i.detection_delay_timeout_handler)
    detection_delay_timeout_handler          0x0001dc31   Thumb Code    90  app_button.o(i.detection_delay_timeout_handler)
    i.device_manager_evt_handler             0x0001dc90   Section        0  main.o(i.device_manager_evt_handler)
    device_manager_evt_handler               0x0001dc91   Thumb Code    18  main.o(i.device_manager_evt_handler)
    i.device_manager_init                    0x0001dca4   Section        0  main.o(i.device_manager_init)
    device_manager_init                      0x0001dca5   Thumb Code   106  main.o(i.device_manager_init)
    i.dm_handle_initialize                   0x0001dd18   Section        0  device_manager_peripheral.o(i.dm_handle_initialize)
    i.dm_init                                0x0001dd34   Section        0  device_manager_peripheral.o(i.dm_init)
    i.dm_pstorage_cb_handler                 0x0001ddf8   Section        0  device_manager_peripheral.o(i.dm_pstorage_cb_handler)
    dm_pstorage_cb_handler                   0x0001ddf9   Thumb Code   376  device_manager_peripheral.o(i.dm_pstorage_cb_handler)
    i.dm_register                            0x0001df84   Section        0  device_manager_peripheral.o(i.dm_register)
    i.elapsed_ticks_acquire                  0x0001dff8   Section        0  app_timer.o(i.elapsed_ticks_acquire)
    elapsed_ticks_acquire                    0x0001dff9   Thumb Code    58  app_timer.o(i.elapsed_ticks_acquire)
    i.flash_api_err_code_process             0x0001e038   Section        0  pstorage.o(i.flash_api_err_code_process)
    flash_api_err_code_process               0x0001e039   Thumb Code    28  pstorage.o(i.flash_api_err_code_process)
    i.flash_page_erase                       0x0001e058   Section        0  pstorage.o(i.flash_page_erase)
    flash_page_erase                         0x0001e059   Thumb Code    10  pstorage.o(i.flash_page_erase)
    i.flash_write                            0x0001e062   Section        0  pstorage.o(i.flash_write)
    flash_write                              0x0001e063   Thumb Code    10  pstorage.o(i.flash_write)
    i.gap_params_init                        0x0001e06c   Section        0  main.o(i.gap_params_init)
    gap_params_init                          0x0001e06d   Thumb Code    88  main.o(i.gap_params_init)
    i.gattc_context_apply                    0x0001e0d4   Section        0  device_manager_peripheral.o(i.gattc_context_apply)
    gattc_context_apply                      0x0001e0d5   Thumb Code     4  device_manager_peripheral.o(i.gattc_context_apply)
    i.gattc_context_load                     0x0001e0d8   Section        0  device_manager_peripheral.o(i.gattc_context_load)
    gattc_context_load                       0x0001e0d9   Thumb Code     4  device_manager_peripheral.o(i.gattc_context_load)
    i.gattc_context_store                    0x0001e0dc   Section        0  device_manager_peripheral.o(i.gattc_context_store)
    gattc_context_store                      0x0001e0dd   Thumb Code     4  device_manager_peripheral.o(i.gattc_context_store)
    i.gatts_context_apply                    0x0001e0e0   Section        0  device_manager_peripheral.o(i.gatts_context_apply)
    gatts_context_apply                      0x0001e0e1   Thumb Code   160  device_manager_peripheral.o(i.gatts_context_apply)
    i.gatts_context_load                     0x0001e190   Section        0  device_manager_peripheral.o(i.gatts_context_load)
    gatts_context_load                       0x0001e191   Thumb Code    44  device_manager_peripheral.o(i.gatts_context_load)
    i.gatts_context_store                    0x0001e1c0   Section        0  device_manager_peripheral.o(i.gatts_context_store)
    gatts_context_store                      0x0001e1c1   Thumb Code   158  device_manager_peripheral.o(i.gatts_context_store)
    i.gattsc_context_apply                   0x0001e26c   Section        0  device_manager_peripheral.o(i.gattsc_context_apply)
    gattsc_context_apply                     0x0001e26d   Thumb Code     8  device_manager_peripheral.o(i.gattsc_context_apply)
    i.gattsc_context_load                    0x0001e274   Section        0  device_manager_peripheral.o(i.gattsc_context_load)
    gattsc_context_load                      0x0001e275   Thumb Code     8  device_manager_peripheral.o(i.gattsc_context_load)
    i.gattsc_context_store                   0x0001e27c   Section        0  device_manager_peripheral.o(i.gattsc_context_store)
    gattsc_context_store                     0x0001e27d   Thumb Code     8  device_manager_peripheral.o(i.gattsc_context_store)
    i.gpiote_event_handler                   0x0001e284   Section        0  app_button.o(i.gpiote_event_handler)
    gpiote_event_handler                     0x0001e285   Thumb Code    72  app_button.o(i.gpiote_event_handler)
    i.head_restore_state_run                 0x0001e2d4   Section        0  pstorage.o(i.head_restore_state_run)
    head_restore_state_run                   0x0001e2d5   Thumb Code   110  pstorage.o(i.head_restore_state_run)
    i.intern_softdevice_events_execute       0x0001e34c   Section        0  softdevice_handler.o(i.intern_softdevice_events_execute)
    i.is_manual_peripheral_setup_needed      0x0001e3cc   Section        0  system_nrf51.o(i.is_manual_peripheral_setup_needed)
    is_manual_peripheral_setup_needed        0x0001e3cd   Thumb Code    66  system_nrf51.o(i.is_manual_peripheral_setup_needed)
    i.is_page_erase_required                 0x0001e414   Section        0  pstorage.o(i.is_page_erase_required)
    is_page_erase_required                   0x0001e415   Thumb Code    60  pstorage.o(i.is_page_erase_required)
    i.is_word_aligned                        0x0001e458   Section        0  pstorage.o(i.is_word_aligned)
    is_word_aligned                          0x0001e459   Thumb Code    12  pstorage.o(i.is_word_aligned)
    i.le_role_encode                         0x0001e464   Section        0  ble_advdata.o(i.le_role_encode)
    le_role_encode                           0x0001e465   Thumb Code    84  ble_advdata.o(i.le_role_encode)
    i.leds_timer_handler                     0x0001e4b8   Section        0  bsp.o(i.leds_timer_handler)
    leds_timer_handler                       0x0001e4b9   Thumb Code    18  bsp.o(i.leds_timer_handler)
    i.list_deletions_handler                 0x0001e4d0   Section        0  app_timer.o(i.list_deletions_handler)
    list_deletions_handler                   0x0001e4d1   Thumb Code   180  app_timer.o(i.list_deletions_handler)
    i.list_insertions_handler                0x0001e58c   Section        0  app_timer.o(i.list_insertions_handler)
    list_insertions_handler                  0x0001e58d   Thumb Code   202  app_timer.o(i.list_insertions_handler)
    i.main                                   0x0001e660   Section        0  main.o(i.main)
    i.manuf_specific_data_encode             0x0001e754   Section        0  ble_advdata.o(i.manuf_specific_data_encode)
    manuf_specific_data_encode               0x0001e755   Thumb Code   104  ble_advdata.o(i.manuf_specific_data_encode)
    i.name_encode                            0x0001e7bc   Section        0  ble_advdata.o(i.name_encode)
    name_encode                              0x0001e7bd   Thumb Code   158  ble_advdata.o(i.name_encode)
    i.no_service_context_apply               0x0001e85a   Section        0  device_manager_peripheral.o(i.no_service_context_apply)
    no_service_context_apply                 0x0001e85b   Thumb Code     4  device_manager_peripheral.o(i.no_service_context_apply)
    i.no_service_context_load                0x0001e85e   Section        0  device_manager_peripheral.o(i.no_service_context_load)
    no_service_context_load                  0x0001e85f   Thumb Code     4  device_manager_peripheral.o(i.no_service_context_load)
    i.no_service_context_store               0x0001e862   Section        0  device_manager_peripheral.o(i.no_service_context_store)
    no_service_context_store                 0x0001e863   Thumb Code     4  device_manager_peripheral.o(i.no_service_context_store)
    i.nrf_drv_common_irq_enable              0x0001e868   Section        0  nrf_drv_common.o(i.nrf_drv_common_irq_enable)
    i.nrf_drv_gpiote_in_event_enable         0x0001e8c8   Section        0  nrf_drv_gpiote.o(i.nrf_drv_gpiote_in_event_enable)
    i.nrf_drv_gpiote_in_init                 0x0001e968   Section        0  nrf_drv_gpiote.o(i.nrf_drv_gpiote_in_init)
    i.nrf_drv_gpiote_in_is_set               0x0001ea0c   Section        0  nrf_drv_gpiote.o(i.nrf_drv_gpiote_in_is_set)
    i.nrf_drv_gpiote_init                    0x0001ea20   Section        0  nrf_drv_gpiote.o(i.nrf_drv_gpiote_init)
    i.nrf_drv_gpiote_is_init                 0x0001ea74   Section        0  nrf_drv_gpiote.o(i.nrf_drv_gpiote_is_init)
    i.nrf_gpio_cfg                           0x0001ea84   Section        0  nrf_drv_gpiote.o(i.nrf_gpio_cfg)
    nrf_gpio_cfg                             0x0001ea85   Thumb Code    32  nrf_drv_gpiote.o(i.nrf_gpio_cfg)
    i.nrf_gpio_cfg_sense_set                 0x0001eaa8   Section        0  nrf_drv_gpiote.o(i.nrf_gpio_cfg_sense_set)
    nrf_gpio_cfg_sense_set                   0x0001eaa9   Thumb Code    26  nrf_drv_gpiote.o(i.nrf_gpio_cfg_sense_set)
    i.nrf_gpiote_event_is_set                0x0001eac8   Section        0  nrf_drv_gpiote.o(i.nrf_gpiote_event_is_set)
    nrf_gpiote_event_is_set                  0x0001eac9   Thumb Code    14  nrf_drv_gpiote.o(i.nrf_gpiote_event_is_set)
    i.nrf_uart_event_check                   0x0001eadc   Section        0  nrf_drv_uart.o(i.nrf_uart_event_check)
    nrf_uart_event_check                     0x0001eadd   Thumb Code    10  nrf_drv_uart.o(i.nrf_uart_event_check)
    i.nrf_uart_int_enable_check              0x0001eae6   Section        0  nrf_drv_uart.o(i.nrf_uart_int_enable_check)
    nrf_uart_int_enable_check                0x0001eae7   Thumb Code    16  nrf_drv_uart.o(i.nrf_uart_int_enable_check)
    i.on_adv_evt                             0x0001eaf6   Section        0  main.o(i.on_adv_evt)
    on_adv_evt                               0x0001eaf7   Thumb Code    70  main.o(i.on_adv_evt)
    i.peer_address_exists                    0x0001eb3c   Section        0  ble_advertising.o(i.peer_address_exists)
    peer_address_exists                      0x0001eb3d   Thumb Code    22  ble_advertising.o(i.peer_address_exists)
    i.peer_instance_init                     0x0001eb54   Section        0  device_manager_peripheral.o(i.peer_instance_init)
    peer_instance_init                       0x0001eb55   Thumb Code    60  device_manager_peripheral.o(i.peer_instance_init)
    i.pin_in_use_by_port                     0x0001eb94   Section        0  nrf_drv_gpiote.o(i.pin_in_use_by_port)
    pin_in_use_by_port                       0x0001eb95   Thumb Code    20  nrf_drv_gpiote.o(i.pin_in_use_by_port)
    i.pin_in_use_by_te                       0x0001ebac   Section        0  nrf_drv_gpiote.o(i.pin_in_use_by_te)
    pin_in_use_by_te                         0x0001ebad   Thumb Code    20  nrf_drv_gpiote.o(i.pin_in_use_by_te)
    i.pstorage_access_status_get             0x0001ebc4   Section        0  pstorage.o(i.pstorage_access_status_get)
    i.pstorage_block_identifier_get          0x0001ebec   Section        0  pstorage.o(i.pstorage_block_identifier_get)
    i.pstorage_clear                         0x0001ec40   Section        0  pstorage.o(i.pstorage_clear)
    i.pstorage_flash_page_end                0x0001ece4   Section        0  pstorage.o(i.pstorage_flash_page_end)
    pstorage_flash_page_end                  0x0001ece5   Thumb Code    32  pstorage.o(i.pstorage_flash_page_end)
    i.pstorage_flash_page_size               0x0001ed08   Section        0  pstorage.o(i.pstorage_flash_page_size)
    pstorage_flash_page_size                 0x0001ed09   Thumb Code    10  pstorage.o(i.pstorage_flash_page_size)
    i.pstorage_init                          0x0001ed14   Section        0  pstorage.o(i.pstorage_init)
    i.pstorage_load                          0x0001ed60   Section        0  pstorage.o(i.pstorage_load)
    i.pstorage_register                      0x0001ee08   Section        0  pstorage.o(i.pstorage_register)
    i.pstorage_store                         0x0001eec4   Section        0  pstorage.o(i.pstorage_store)
    i.pstorage_update                        0x0001ef54   Section        0  pstorage.o(i.pstorage_update)
    i.read_temp_info                         0x0001efe4   Section        0  main.o(i.read_temp_info)
    read_temp_info                           0x0001efe5   Thumb Code   156  main.o(i.read_temp_info)
    i.rtc1_stop                              0x0001f0b0   Section        0  app_timer.o(i.rtc1_stop)
    rtc1_stop                                0x0001f0b1   Thumb Code    50  app_timer.o(i.rtc1_stop)
    i.rx_byte                                0x0001f0f4   Section        0  nrf_drv_uart.o(i.rx_byte)
    rx_byte                                  0x0001f0f5   Thumb Code    30  nrf_drv_uart.o(i.rx_byte)
    i.rx_done_event                          0x0001f120   Section        0  nrf_drv_uart.o(i.rx_done_event)
    rx_done_event                            0x0001f121   Thumb Code    28  nrf_drv_uart.o(i.rx_done_event)
    i.sampler_timer_handler                  0x0001f140   Section        0  main.o(i.sampler_timer_handler)
    sampler_timer_handler                    0x0001f141   Thumb Code    66  main.o(i.sampler_timer_handler)
    i.service_data_encode                    0x0001f188   Section        0  ble_advdata.o(i.service_data_encode)
    service_data_encode                      0x0001f189   Thumb Code   142  ble_advdata.o(i.service_data_encode)
    i.sm_state_change                        0x0001f218   Section        0  pstorage.o(i.sm_state_change)
    sm_state_change                          0x0001f219   Thumb Code    62  pstorage.o(i.sm_state_change)
    i.softdevice_assertion_handler           0x0001f260   Section        0  softdevice_handler.o(i.softdevice_assertion_handler)
    i.softdevice_handler_init                0x0001f26c   Section        0  softdevice_handler.o(i.softdevice_handler_init)
    i.state_data_erase_swap_entry_run        0x0001f29c   Section        0  pstorage.o(i.state_data_erase_swap_entry_run)
    state_data_erase_swap_entry_run          0x0001f29d   Thumb Code    92  pstorage.o(i.state_data_erase_swap_entry_run)
    i.state_erase_data_page_entry_run        0x0001f300   Section        0  pstorage.o(i.state_erase_data_page_entry_run)
    state_erase_data_page_entry_run          0x0001f301   Thumb Code    12  pstorage.o(i.state_erase_data_page_entry_run)
    i.state_restore_head_entry_run           0x0001f310   Section        0  pstorage.o(i.state_restore_head_entry_run)
    state_restore_head_entry_run             0x0001f311   Thumb Code    36  pstorage.o(i.state_restore_head_entry_run)
    i.state_restore_tail_entry_run           0x0001f338   Section        0  pstorage.o(i.state_restore_tail_entry_run)
    state_restore_tail_entry_run             0x0001f339   Thumb Code    66  pstorage.o(i.state_restore_tail_entry_run)
    i.state_swap_erase_entry_run             0x0001f384   Section        0  pstorage.o(i.state_swap_erase_entry_run)
    state_swap_erase_entry_run               0x0001f385   Thumb Code    32  pstorage.o(i.state_swap_erase_entry_run)
    i.state_write_data_swap_entry_run        0x0001f3a4   Section        0  pstorage.o(i.state_write_data_swap_entry_run)
    state_write_data_swap_entry_run          0x0001f3a5   Thumb Code    42  pstorage.o(i.state_write_data_swap_entry_run)
    i.store_cmd_flash_write_execute          0x0001f3d4   Section        0  pstorage.o(i.store_cmd_flash_write_execute)
    store_cmd_flash_write_execute            0x0001f3d5   Thumb Code    82  pstorage.o(i.store_cmd_flash_write_execute)
    i.swap_erase_state_run                   0x0001f430   Section        0  pstorage.o(i.swap_erase_state_run)
    swap_erase_state_run                     0x0001f431   Thumb Code    24  pstorage.o(i.swap_erase_state_run)
    i.swap_sub_state_err_busy_process        0x0001f44c   Section        0  pstorage.o(i.swap_sub_state_err_busy_process)
    swap_sub_state_err_busy_process          0x0001f44d   Thumb Code    20  pstorage.o(i.swap_sub_state_err_busy_process)
    i.swap_sub_state_state_change            0x0001f464   Section        0  pstorage.o(i.swap_sub_state_state_change)
    swap_sub_state_state_change              0x0001f465   Thumb Code    12  pstorage.o(i.swap_sub_state_state_change)
    i.tail_restore_state_run                 0x0001f478   Section        0  pstorage.o(i.tail_restore_state_run)
    tail_restore_state_run                   0x0001f479   Thumb Code    22  pstorage.o(i.tail_restore_state_run)
    i.timer_list_handler                     0x0001f494   Section        0  app_timer.o(i.timer_list_handler)
    timer_list_handler                       0x0001f495   Thumb Code   128  app_timer.o(i.timer_list_handler)
    i.timer_list_handler_sched               0x0001f518   Section        0  app_timer.o(i.timer_list_handler_sched)
    timer_list_handler_sched                 0x0001f519   Thumb Code    10  app_timer.o(i.timer_list_handler_sched)
    i.timer_list_insert                      0x0001f528   Section        0  app_timer.o(i.timer_list_insert)
    timer_list_insert                        0x0001f529   Thumb Code    60  app_timer.o(i.timer_list_insert)
    i.timer_timeouts_check                   0x0001f568   Section        0  app_timer.o(i.timer_timeouts_check)
    timer_timeouts_check                     0x0001f569   Thumb Code   122  app_timer.o(i.timer_timeouts_check)
    i.timers_init                            0x0001f5ec   Section        0  main.o(i.timers_init)
    timers_init                              0x0001f5ed   Thumb Code    80  main.o(i.timers_init)
    i.twi_master_clear_bus                   0x0001f654   Section        0  twi_sw_master.o(i.twi_master_clear_bus)
    twi_master_clear_bus                     0x0001f655   Thumb Code    78  twi_sw_master.o(i.twi_master_clear_bus)
    i.twi_master_clock_byte                  0x0001f6a8   Section        0  twi_sw_master.o(i.twi_master_clock_byte)
    twi_master_clock_byte                    0x0001f6a9   Thumb Code    98  twi_sw_master.o(i.twi_master_clock_byte)
    i.twi_master_clock_byte_in               0x0001f710   Section        0  twi_sw_master.o(i.twi_master_clock_byte_in)
    twi_master_clock_byte_in                 0x0001f711   Thumb Code   102  twi_sw_master.o(i.twi_master_clock_byte_in)
    i.twi_master_init                        0x0001f77c   Section        0  twi_sw_master.o(i.twi_master_init)
    i.twi_master_transfer                    0x0001f7a8   Section        0  twi_sw_master.o(i.twi_master_transfer)
    i.twi_master_wait_while_scl_low          0x0001f85c   Section        0  twi_sw_master.o(i.twi_master_wait_while_scl_low)
    twi_master_wait_while_scl_low            0x0001f85d   Thumb Code    26  twi_sw_master.o(i.twi_master_wait_while_scl_low)
    i.tx_byte                                0x0001f87c   Section        0  nrf_drv_uart.o(i.tx_byte)
    tx_byte                                  0x0001f87d   Thumb Code    30  nrf_drv_uart.o(i.tx_byte)
    i.tx_done_event                          0x0001f8a8   Section        0  nrf_drv_uart.o(i.tx_done_event)
    tx_done_event                            0x0001f8a9   Thumb Code    26  nrf_drv_uart.o(i.tx_done_event)
    i.uint16_encode                          0x0001f8c8   Section        0  ble_advdata.o(i.uint16_encode)
    uint16_encode                            0x0001f8c9   Thumb Code    10  ble_advdata.o(i.uint16_encode)
    i.update_status_bit_reset                0x0001f8d4   Section        0  device_manager_peripheral.o(i.update_status_bit_reset)
    update_status_bit_reset                  0x0001f8d5   Thumb Code    14  device_manager_peripheral.o(i.update_status_bit_reset)
    i.user_id_get                            0x0001f8e8   Section        0  app_timer.o(i.user_id_get)
    user_id_get                              0x0001f8e9   Thumb Code    74  app_timer.o(i.user_id_get)
    i.user_op_alloc                          0x0001f93c   Section        0  app_timer.o(i.user_op_alloc)
    user_op_alloc                            0x0001f93d   Thumb Code    38  app_timer.o(i.user_op_alloc)
    i.uuid_list_encode                       0x0001f962   Section        0  ble_advdata.o(i.uuid_list_encode)
    uuid_list_encode                         0x0001f963   Thumb Code    48  ble_advdata.o(i.uuid_list_encode)
    i.uuid_list_sized_encode                 0x0001f992   Section        0  ble_advdata.o(i.uuid_list_sized_encode)
    uuid_list_sized_encode                   0x0001f993   Thumb Code   174  ble_advdata.o(i.uuid_list_sized_encode)
    i.warmup_timer_handler                   0x0001fa40   Section        0  main.o(i.warmup_timer_handler)
    warmup_timer_handler                     0x0001fa41   Thumb Code   120  main.o(i.warmup_timer_handler)
    i.whitelist_has_entries                  0x0001fae8   Section        0  ble_advertising.o(i.whitelist_has_entries)
    whitelist_has_entries                    0x0001fae9   Thumb Code    16  ble_advertising.o(i.whitelist_has_entries)
    .constdata                               0x0001faf8   Section        8  main.o(.constdata)
    m_sampler_timer_id                       0x0001faf8   Data           4  main.o(.constdata)
    m_warmup_timer_id                        0x0001fafc   Data           4  main.o(.constdata)
    .constdata                               0x0001fb00   Section       60  bsp.o(.constdata)
    m_leds_timer_id                          0x0001fb00   Data           4  bsp.o(.constdata)
    m_alert_timer_id                         0x0001fb04   Data           4  bsp.o(.constdata)
    m_button_timer_id                        0x0001fb08   Data           4  bsp.o(.constdata)
    m_buttons_list                           0x0001fb0c   Data          16  bsp.o(.constdata)
    app_buttons                              0x0001fb1c   Data          32  bsp.o(.constdata)
    .constdata                               0x0001fb3c   Section       52  device_manager_peripheral.o(.constdata)
    .constdata                               0x0001fb70   Section       40  pstorage.o(.constdata)
    swap_sub_state_sm_lut                    0x0001fb70   Data          20  pstorage.o(.constdata)
    swap_sub_state_sm_lut                    0x0001fb84   Data          20  pstorage.o(.constdata)
    .constdata                               0x0001fb98   Section        8  app_button.o(.constdata)
    m_detection_delay_timer_id               0x0001fb98   Data           4  app_button.o(.constdata)
    .constdata                               0x0001fba0   Section       16  segger_rtt_printf.o(.constdata)
    _aV2C                                    0x0001fba0   Data          16  segger_rtt_printf.o(.constdata)
    .data                                    0x20002800   Section        8  main.o(.data)
    m_app_handle                             0x20002800   Data           1  main.o(.data)
    EMON_service_data_array                  0x20002801   Data           2  main.o(.data)
    m_app_ticks_per_100ms                    0x20002804   Data           4  main.o(.data)
    .data                                    0x20002808   Section       24  bsp.o(.data)
    m_stable_state                           0x20002808   Data           1  bsp.o(.data)
    current_long_push_pin_no                 0x20002809   Data           1  bsp.o(.data)
    m_app_ticks_per_100ms                    0x2000280c   Data           4  bsp.o(.data)
    m_indication_type                        0x20002810   Data           4  bsp.o(.data)
    m_alert_mask                             0x20002814   Data           4  bsp.o(.data)
    m_registered_callback                    0x20002818   Data           4  bsp.o(.data)
    release_event_at_push                    0x2000281c   Data           4  bsp.o(.data)
    .data                                    0x20002820   Section       31  ble_advertising.o(.data)
    m_advertising_start_pending              0x20002820   Data           1  ble_advertising.o(.data)
    m_whitelist_temporarily_disabled         0x20002821   Data           1  ble_advertising.o(.data)
    m_whitelist_reply_expected               0x20002822   Data           1  ble_advertising.o(.data)
    m_peer_addr_reply_expected               0x20002823   Data           1  ble_advertising.o(.data)
    m_adv_evt                                0x20002824   Data           1  ble_advertising.o(.data)
    m_adv_mode_current                       0x20002825   Data           1  ble_advertising.o(.data)
    m_tx_power_level                         0x20002826   Data           1  ble_advertising.o(.data)
    current_slave_link_conn_handle           0x20002828   Data           2  ble_advertising.o(.data)
    m_evt_handler                            0x2000282c   Data           4  ble_advertising.o(.data)
    m_error_handler                          0x20002830   Data           4  ble_advertising.o(.data)
    m_slave_conn_int                         0x20002834   Data           4  ble_advertising.o(.data)
    m_peer_address                           0x20002838   Data           7  ble_advertising.o(.data)
    .data                                    0x20002840   Section       24  device_manager_peripheral.o(.data)
    m_module_initialized                     0x20002840   Data           1  device_manager_peripheral.o(.data)
    m_peer_addr_update                       0x20002844   Data           4  device_manager_peripheral.o(.data)
    m_irk_index_table                        0x20002848   Data           7  device_manager_peripheral.o(.data)
    m_storage_handle                         0x20002850   Data           8  device_manager_peripheral.o(.data)
    .data                                    0x20002858   Section       36  pstorage.o(.data)
    m_state                                  0x20002858   Data           1  pstorage.o(.data)
    m_swap_sub_state                         0x20002859   Data           1  pstorage.o(.data)
    m_next_app_instance                      0x2000285a   Data           2  pstorage.o(.data)
    m_flags                                  0x2000285c   Data           4  pstorage.o(.data)
    m_next_page_addr                         0x20002860   Data           4  pstorage.o(.data)
    m_head_word_size                         0x20002864   Data           4  pstorage.o(.data)
    m_tail_word_size                         0x20002868   Data           4  pstorage.o(.data)
    m_current_page_id                        0x2000286c   Data           4  pstorage.o(.data)
    m_num_of_command_retries                 0x20002870   Data           4  pstorage.o(.data)
    m_num_of_bytes_written                   0x20002874   Data           4  pstorage.o(.data)
    m_app_data_size                          0x20002878   Data           4  pstorage.o(.data)
    .data                                    0x2000287c   Section       20  app_button.o(.data)
    m_button_count                           0x2000287c   Data           1  app_button.o(.data)
    mp_buttons                               0x20002880   Data           4  app_button.o(.data)
    m_detection_delay                        0x20002884   Data           4  app_button.o(.data)
    m_pin_state                              0x20002888   Data           4  app_button.o(.data)
    m_pin_transition                         0x2000288c   Data           4  app_button.o(.data)
    .data                                    0x20002890   Section       32  app_timer.o(.data)
    m_user_array_size                        0x20002890   Data           1  app_timer.o(.data)
    m_ticks_elapsed_q_read_ind               0x20002891   Data           1  app_timer.o(.data)
    m_ticks_elapsed_q_write_ind              0x20002892   Data           1  app_timer.o(.data)
    m_rtc1_running                           0x20002893   Data           1  app_timer.o(.data)
    m_rtc1_reset                             0x20002894   Data           1  app_timer.o(.data)
    mp_users                                 0x20002898   Data           4  app_timer.o(.data)
    mp_timer_id_head                         0x2000289c   Data           4  app_timer.o(.data)
    m_ticks_latest                           0x200028a0   Data           4  app_timer.o(.data)
    m_evt_schedule_func                      0x200028a4   Data           4  app_timer.o(.data)
    m_ticks_elapsed                          0x200028a8   Data           8  app_timer.o(.data)
    .data                                    0x200028b0   Section       20  softdevice_handler.o(.data)
    m_softdevice_enabled                     0x200028b0   Data           1  softdevice_handler.o(.data)
    m_ble_evt_buffer_size                    0x200028b2   Data           2  softdevice_handler.o(.data)
    m_evt_schedule_func                      0x200028b4   Data           4  softdevice_handler.o(.data)
    mp_ble_evt_buffer                        0x200028b8   Data           4  softdevice_handler.o(.data)
    m_ble_evt_handler                        0x200028bc   Data           4  softdevice_handler.o(.data)
    m_sys_evt_handler                        0x200028c0   Data           4  softdevice_handler.o(.data)
    .data                                    0x200028c4   Section        4  system_nrf51.o(.data)
    __tagsym$$used                           0x200028c4   Number         0  system_nrf51.o(.data)
    .bss                                     0x200028c8   Section       32  main.o(.bss)
    m_sampler_timer_id_data                  0x200028c8   Data          32  main.o(.bss)
    .bss                                     0x200028e8   Section       32  main.o(.bss)
    m_warmup_timer_id_data                   0x200028e8   Data          32  main.o(.bss)
    .bss                                     0x20002908   Section      596  main.o(.bss)
    BLE_EVT_BUFFER                           0x20002908   Data          72  main.o(.bss)
    APP_TIMER_BUF                            0x20002950   Data         456  main.o(.bss)
    advdata                                  0x20002b24   Data          56  main.o(.bss)
    .bss                                     0x20002b5c   Section       32  bsp.o(.bss)
    m_leds_timer_id_data                     0x20002b5c   Data          32  bsp.o(.bss)
    .bss                                     0x20002b7c   Section       32  bsp.o(.bss)
    m_alert_timer_id_data                    0x20002b7c   Data          32  bsp.o(.bss)
    .bss                                     0x20002b9c   Section       12  bsp.o(.bss)
    m_events_list                            0x20002b9c   Data          12  bsp.o(.bss)
    .bss                                     0x20002ba8   Section       32  bsp.o(.bss)
    m_button_timer_id_data                   0x20002ba8   Data          32  bsp.o(.bss)
    .bss                                     0x20002bc8   Section      259  ble_advertising.o(.bss)
    m_advdata                                0x20002bc8   Data          56  ble_advertising.o(.bss)
    m_adv_modes_config                       0x20002c00   Data          36  ble_advertising.o(.bss)
    m_whitelist                              0x20002c24   Data          16  ble_advertising.o(.bss)
    mp_whitelist_addr                        0x20002c34   Data          32  ble_advertising.o(.bss)
    mp_whitelist_irk                         0x20002c54   Data          32  ble_advertising.o(.bss)
    m_manuf_specific_data                    0x20002c74   Data          12  ble_advertising.o(.bss)
    m_manuf_data_array                       0x20002c80   Data          31  ble_advertising.o(.bss)
    m_service_data                           0x20002ca0   Data          12  ble_advertising.o(.bss)
    m_service_data_array                     0x20002cac   Data          31  ble_advertising.o(.bss)
    .bss                                     0x20002ccc   Section      335  device_manager_peripheral.o(.bss)
    m_app_context_table                      0x20002ccc   Data          28  device_manager_peripheral.o(.bss)
    m_peer_table                             0x20002ce8   Data         196  device_manager_peripheral.o(.bss)
    m_bond_table                             0x20002dac   Data          28  device_manager_peripheral.o(.bss)
    m_gatts_table                            0x20002dc8   Data          36  device_manager_peripheral.o(.bss)
    m_connection_table                       0x20002dec   Data          12  device_manager_peripheral.o(.bss)
    m_application_table                      0x20002df8   Data          12  device_manager_peripheral.o(.bss)
    m_local_id_info                          0x20002e04   Data          23  device_manager_peripheral.o(.bss)
    .bss                                     0x20002e1c   Section       72  nrf_drv_gpiote.o(.bss)
    m_cb                                     0x20002e1c   Data          72  nrf_drv_gpiote.o(.bss)
    .bss                                     0x20002e64   Section       24  nrf_drv_uart.o(.bss)
    m_cb                                     0x20002e64   Data          24  nrf_drv_uart.o(.bss)
    .bss                                     0x20002e7c   Section      216  pstorage.o(.bss)
    m_cmd_queue                              0x20002e7c   Data         204  pstorage.o(.bss)
    m_app_table                              0x20002f48   Data          12  pstorage.o(.bss)
    .bss                                     0x20002f54   Section       32  app_button.o(.bss)
    m_detection_delay_timer_id_data          0x20002f54   Data          32  app_button.o(.bss)
    .bss                                     0x20002f74   Section     1160  segger_rtt.o(.bss)
    _acUpBuffer                              0x20002f74   Data        1024  segger_rtt.o(.bss)
    _acDownBuffer                            0x20003374   Data          16  segger_rtt.o(.bss)
    STACK                                    0x20003400   Section     2048  arm_startup_nrf51.o(STACK)

    Global Symbols

    Symbol Name                              Value     Ov Type        Size  Object(Section)

    BuildAttributes$$THM_ISAv3M$S$PE$A:L22$X:L11$S22$IEEE1$IW$USESV6$~STKCKD$USESV7$~SHL$OSPACE$EBA8$MICROLIB$REQ8$PRES8$EABIv2 0x00000000   Number         0  anon$$obj.o ABSOLUTE
    __ARM_use_no_argv                        0x00000000   Number         0  main.o ABSOLUTE
    __cpp_initialize__aeabi_                  - Undefined Weak Reference
    __cxa_finalize                            - Undefined Weak Reference
    __decompress                              - Undefined Weak Reference
    _clock_init                               - Undefined Weak Reference
    _microlib_exit                            - Undefined Weak Reference
    __Vectors_Size                           0x000000c0   Number         0  arm_startup_nrf51.o ABSOLUTE
    __Vectors                                0x0001c000   Data           4  arm_startup_nrf51.o(RESET)
    __Vectors_End                            0x0001c0c0   Data           0  arm_startup_nrf51.o(RESET)
    __main                                   0x0001c0c1   Thumb Code     0  entry.o(.ARM.Collect$$$$00000000)
    _main_stk                                0x0001c0c1   Thumb Code     0  entry2.o(.ARM.Collect$$$$00000001)
    _main_scatterload                        0x0001c0c5   Thumb Code     0  entry5.o(.ARM.Collect$$$$00000004)
    __main_after_scatterload                 0x0001c0c9   Thumb Code     0  entry5.o(.ARM.Collect$$$$00000004)
    _main_clock                              0x0001c0c9   Thumb Code     0  entry7b.o(.ARM.Collect$$$$00000008)
    _main_cpp_init                           0x0001c0c9   Thumb Code     0  entry8b.o(.ARM.Collect$$$$0000000A)
    _main_init                               0x0001c0c9   Thumb Code     0  entry9a.o(.ARM.Collect$$$$0000000B)
    __rt_final_cpp                           0x0001c0d1   Thumb Code     0  entry10a.o(.ARM.Collect$$$$0000000D)
    __rt_final_exit                          0x0001c0d1   Thumb Code     0  entry11a.o(.ARM.Collect$$$$0000000F)
    __asm___11_app_timer_c_cd27f9c3__nrf_delay_us 0x0001c0d5   Thumb Code    30  app_timer.o(.emb_text)
    __asm___15_twi_sw_master_c_959ec897__nrf_delay_us 0x0001c0f5   Thumb Code    30  twi_sw_master.o(.emb_text)
    Reset_Handler                            0x0001c115   Thumb Code    26  arm_startup_nrf51.o(.text)
    NMI_Handler                              0x0001c12f   Thumb Code     2  arm_startup_nrf51.o(.text)
    HardFault_Handler                        0x0001c131   Thumb Code     2  arm_startup_nrf51.o(.text)
    SVC_Handler                              0x0001c133   Thumb Code     2  arm_startup_nrf51.o(.text)
    PendSV_Handler                           0x0001c135   Thumb Code     2  arm_startup_nrf51.o(.text)
    SysTick_Handler                          0x0001c137   Thumb Code     2  arm_startup_nrf51.o(.text)
    ADC_IRQHandler                           0x0001c139   Thumb Code     0  arm_startup_nrf51.o(.text)
    CCM_AAR_IRQHandler                       0x0001c139   Thumb Code     0  arm_startup_nrf51.o(.text)
    ECB_IRQHandler                           0x0001c139   Thumb Code     0  arm_startup_nrf51.o(.text)
    LPCOMP_IRQHandler                        0x0001c139   Thumb Code     0  arm_startup_nrf51.o(.text)
    POWER_CLOCK_IRQHandler                   0x0001c139   Thumb Code     0  arm_startup_nrf51.o(.text)
    QDEC_IRQHandler                          0x0001c139   Thumb Code     0  arm_startup_nrf51.o(.text)
    RADIO_IRQHandler                         0x0001c139   Thumb Code     0  arm_startup_nrf51.o(.text)
    RNG_IRQHandler                           0x0001c139   Thumb Code     0  arm_startup_nrf51.o(.text)
    RTC0_IRQHandler                          0x0001c139   Thumb Code     0  arm_startup_nrf51.o(.text)
    SPI0_TWI0_IRQHandler                     0x0001c139   Thumb Code     0  arm_startup_nrf51.o(.text)
    SPI1_TWI1_IRQHandler                     0x0001c139   Thumb Code     0  arm_startup_nrf51.o(.text)
    SWI1_IRQHandler                          0x0001c139   Thumb Code     0  arm_startup_nrf51.o(.text)
    SWI3_IRQHandler                          0x0001c139   Thumb Code     0  arm_startup_nrf51.o(.text)
    SWI4_IRQHandler                          0x0001c139   Thumb Code     0  arm_startup_nrf51.o(.text)
    SWI5_IRQHandler                          0x0001c139   Thumb Code     0  arm_startup_nrf51.o(.text)
    TEMP_IRQHandler                          0x0001c139   Thumb Code     0  arm_startup_nrf51.o(.text)
    TIMER0_IRQHandler                        0x0001c139   Thumb Code     0  arm_startup_nrf51.o(.text)
    TIMER1_IRQHandler                        0x0001c139   Thumb Code     0  arm_startup_nrf51.o(.text)
    TIMER2_IRQHandler                        0x0001c139   Thumb Code     0  arm_startup_nrf51.o(.text)
    WDT_IRQHandler                           0x0001c139   Thumb Code     0  arm_startup_nrf51.o(.text)
    __aeabi_uidiv                            0x0001c14d   Thumb Code     0  uidiv.o(.text)
    __aeabi_uidivmod                         0x0001c14d   Thumb Code    44  uidiv.o(.text)
    __aeabi_idiv                             0x0001c179   Thumb Code     0  idiv.o(.text)
    __aeabi_idivmod                          0x0001c179   Thumb Code    40  idiv.o(.text)
    ___aeabi_memcpy8$move                    0x0001c1a1   Thumb Code     0  memmovea.o(.text)
    __aeabi_memcpy                           0x0001c1a1   Thumb Code    64  memmovea.o(.text)
    __aeabi_memcpy4                          0x0001c1a1   Thumb Code     0  memmovea.o(.text)
    __aeabi_memmove                          0x0001c1a1   Thumb Code     0  memmovea.o(.text)
    __aeabi_memmove4                         0x0001c1a1   Thumb Code     0  memmovea.o(.text)
    __aeabi_memmove8                         0x0001c1a1   Thumb Code     0  memmovea.o(.text)
    __aeabi_memset                           0x0001c1e1   Thumb Code    14  memseta.o(.text)
    __aeabi_memset4                          0x0001c1e1   Thumb Code     0  memseta.o(.text)
    __aeabi_memset8                          0x0001c1e1   Thumb Code     0  memseta.o(.text)
    __aeabi_memclr                           0x0001c1ef   Thumb Code     4  memseta.o(.text)
    __aeabi_memclr4                          0x0001c1ef   Thumb Code     0  memseta.o(.text)
    __aeabi_memclr8                          0x0001c1ef   Thumb Code     0  memseta.o(.text)
    _memset$wrapper                          0x0001c1f3   Thumb Code    18  memseta.o(.text)
    strlen                                   0x0001c205   Thumb Code    14  strlen.o(.text)
    memcmp                                   0x0001c213   Thumb Code    26  memcmp.o(.text)
    strcpy                                   0x0001c22d   Thumb Code    18  strcpy.o(.text)
    __scatterload                            0x0001c241   Thumb Code    28  init.o(.text)
    __scatterload_rt2                        0x0001c241   Thumb Code     0  init.o(.text)
    GPIOTE_IRQHandler                        0x0001c265   Thumb Code   234  nrf_drv_gpiote.o(i.GPIOTE_IRQHandler)
    RTC1_IRQHandler                          0x0001c3b1   Thumb Code    28  app_timer.o(i.RTC1_IRQHandler)
    SEGGER_RTT_Write                         0x0001c3d1   Thumb Code    32  segger_rtt.o(i.SEGGER_RTT_Write)
    SEGGER_RTT_WriteNoLock                   0x0001c3f5   Thumb Code    86  segger_rtt.o(i.SEGGER_RTT_WriteNoLock)
    SEGGER_RTT_WriteString                   0x0001c451   Thumb Code    24  segger_rtt.o(i.SEGGER_RTT_WriteString)
    SEGGER_RTT_printf                        0x0001c469   Thumb Code    24  segger_rtt_printf.o(i.SEGGER_RTT_printf)
    SEGGER_RTT_vprintf                       0x0001c481   Thumb Code   404  segger_rtt_printf.o(i.SEGGER_RTT_vprintf)
    SWI0_IRQHandler                          0x0001c615   Thumb Code     8  app_timer.o(i.SWI0_IRQHandler)
    SWI2_IRQHandler                          0x0001c61d   Thumb Code    32  softdevice_handler.o(i.SWI2_IRQHandler)
    SystemInit                               0x0001c641   Thumb Code    64  system_nrf51.o(i.SystemInit)
    UART0_IRQHandler                         0x0001c695   Thumb Code   244  nrf_drv_uart.o(i.UART0_IRQHandler)
    __ARM_common_switch8                     0x0001ca97   Thumb Code    26  bsp.o(i.__ARM_common_switch8)
    __scatterload_copy                       0x0001cab1   Thumb Code    14  handlers.o(i.__scatterload_copy)
    __scatterload_null                       0x0001cabf   Thumb Code     2  handlers.o(i.__scatterload_null)
    __scatterload_zeroinit                   0x0001cac1   Thumb Code    14  handlers.o(i.__scatterload_zeroinit)
    adv_data_encode                          0x0001cacf   Thumb Code   534  ble_advdata.o(i.adv_data_encode)
    app_button_enable                        0x0001cd79   Thumb Code    32  app_button.o(i.app_button_enable)
    app_button_init                          0x0001cd9d   Thumb Code   100  app_button.o(i.app_button_init)
    app_error_handler                        0x0001ce11   Thumb Code    18  app_error.o(i.app_error_handler)
    app_timer_create                         0x0001ce85   Thumb Code    40  app_timer.o(i.app_timer_create)
    app_timer_init                           0x0001ceb1   Thumb Code   126  app_timer.o(i.app_timer_init)
    app_timer_start                          0x0001cf41   Thumb Code   114  app_timer.o(i.app_timer_start)
    app_timer_stop                           0x0001cfbd   Thumb Code    78  app_timer.o(i.app_timer_stop)
    ble_advdata_set                          0x0001d011   Thumb Code   104  ble_advdata.o(i.ble_advdata_set)
    ble_advertising_init                     0x0001d079   Thumb Code   284  ble_advertising.o(i.ble_advertising_init)
    ble_advertising_start                    0x0001d1ad   Thumb Code   470  ble_advertising.o(i.ble_advertising_start)
    bsp_btn_ble_sleep_mode_prepare           0x0001d3eb   Thumb Code    20  bsp_btn_ble.o(i.bsp_btn_ble_sleep_mode_prepare)
    bsp_event_to_button_action_assign        0x0001d4a1   Thumb Code    66  bsp.o(i.bsp_event_to_button_action_assign)
    bsp_indication_set                       0x0001d4e9   Thumb Code    22  bsp.o(i.bsp_indication_set)
    bsp_init                                 0x0001d505   Thumb Code   134  bsp.o(i.bsp_init)
    bsp_wakeup_buttons_set                   0x0001d79d   Thumb Code    50  bsp.o(i.bsp_wakeup_buttons_set)
    dm_handle_initialize                     0x0001dd19   Thumb Code    22  device_manager_peripheral.o(i.dm_handle_initialize)
    dm_init                                  0x0001dd35   Thumb Code   174  device_manager_peripheral.o(i.dm_init)
    dm_register                              0x0001df85   Thumb Code   104  device_manager_peripheral.o(i.dm_register)
    intern_softdevice_events_execute         0x0001e34d   Thumb Code   124  softdevice_handler.o(i.intern_softdevice_events_execute)
    main                                     0x0001e661   Thumb Code   206  main.o(i.main)
    nrf_drv_common_irq_enable                0x0001e869   Thumb Code    78  nrf_drv_common.o(i.nrf_drv_common_irq_enable)
    nrf_drv_gpiote_in_event_enable           0x0001e8c9   Thumb Code   138  nrf_drv_gpiote.o(i.nrf_drv_gpiote_in_event_enable)
    nrf_drv_gpiote_in_init                   0x0001e969   Thumb Code   146  nrf_drv_gpiote.o(i.nrf_drv_gpiote_in_init)
    nrf_drv_gpiote_in_is_set                 0x0001ea0d   Thumb Code    16  nrf_drv_gpiote.o(i.nrf_drv_gpiote_in_is_set)
    nrf_drv_gpiote_init                      0x0001ea21   Thumb Code    76  nrf_drv_gpiote.o(i.nrf_drv_gpiote_init)
    nrf_drv_gpiote_is_init                   0x0001ea75   Thumb Code    12  nrf_drv_gpiote.o(i.nrf_drv_gpiote_is_init)
    pstorage_access_status_get               0x0001ebc5   Thumb Code    30  pstorage.o(i.pstorage_access_status_get)
    pstorage_block_identifier_get            0x0001ebed   Thumb Code    74  pstorage.o(i.pstorage_block_identifier_get)
    pstorage_clear                           0x0001ec41   Thumb Code   156  pstorage.o(i.pstorage_clear)
    pstorage_init                            0x0001ed15   Thumb Code    68  pstorage.o(i.pstorage_init)
    pstorage_load                            0x0001ed61   Thumb Code   158  pstorage.o(i.pstorage_load)
    pstorage_register                        0x0001ee09   Thumb Code   180  pstorage.o(i.pstorage_register)
    pstorage_store                           0x0001eec5   Thumb Code   134  pstorage.o(i.pstorage_store)
    pstorage_update                          0x0001ef55   Thumb Code   134  pstorage.o(i.pstorage_update)
    softdevice_assertion_handler             0x0001f261   Thumb Code    12  softdevice_handler.o(i.softdevice_assertion_handler)
    softdevice_handler_init                  0x0001f26d   Thumb Code    40  softdevice_handler.o(i.softdevice_handler_init)
    twi_master_init                          0x0001f77d   Thumb Code    30  twi_sw_master.o(i.twi_master_init)
    twi_master_transfer                      0x0001f7a9   Thumb Code   174  twi_sw_master.o(i.twi_master_transfer)
    m_context_init_len                       0x0001fb3c   Data           4  device_manager_peripheral.o(.constdata)
    m_service_context_store                  0x0001fb40   Data          16  device_manager_peripheral.o(.constdata)
    m_service_context_load                   0x0001fb50   Data          16  device_manager_peripheral.o(.constdata)
    m_service_context_apply                  0x0001fb60   Data          16  device_manager_peripheral.o(.constdata)
    Region$$Table$$Base                      0x0001fbb0   Number         0  anon$$obj.o(Region$$Table)
    Region$$Table$$Limit                     0x0001fbd0   Number         0  anon$$obj.o(Region$$Table)
    SystemCoreClock                          0x200028c4   Data           4  system_nrf51.o(.data)
    EMON_service_data                        0x20002b18   Data          12  main.o(.bss)
    _SEGGER_RTT                              0x20003384   Data         120  segger_rtt.o(.bss)
    __initial_sp                             0x20003c00   Data           0  arm_startup_nrf51.o(STACK)



==============================================================================

Memory Map of the image

  Image Entry point : 0x0001c0c1

  Load Region LR_IROM1 (Base: 0x0001c000, Size: 0x00003c98, Max: 0x00024000, ABSOLUTE)

    Execution Region ER_IROM1 (Base: 0x0001c000, Size: 0x00003bd0, Max: 0x00024000, ABSOLUTE)

    Base Addr    Size         Type   Attr      Idx    E Section Name        Object

    0x0001c000   0x000000c0   Data   RO         2622    RESET               arm_startup_nrf51.o
    0x0001c0c0   0x00000000   Code   RO         2664  * .ARM.Collect$$$$00000000  mc_p.l(entry.o)
    0x0001c0c0   0x00000004   Code   RO         2694    .ARM.Collect$$$$00000001  mc_p.l(entry2.o)
    0x0001c0c4   0x00000004   Code   RO         2697    .ARM.Collect$$$$00000004  mc_p.l(entry5.o)
    0x0001c0c8   0x00000000   Code   RO         2699    .ARM.Collect$$$$00000008  mc_p.l(entry7b.o)
    0x0001c0c8   0x00000000   Code   RO         2701    .ARM.Collect$$$$0000000A  mc_p.l(entry8b.o)
    0x0001c0c8   0x00000008   Code   RO         2702    .ARM.Collect$$$$0000000B  mc_p.l(entry9a.o)
    0x0001c0d0   0x00000000   Code   RO         2704    .ARM.Collect$$$$0000000D  mc_p.l(entry10a.o)
    0x0001c0d0   0x00000000   Code   RO         2706    .ARM.Collect$$$$0000000F  mc_p.l(entry11a.o)
    0x0001c0d0   0x00000004   Code   RO         2695    .ARM.Collect$$$$00002712  mc_p.l(entry2.o)
    0x0001c0d4   0x0000001e   Code   RO         2030    .emb_text           app_timer.o
    0x0001c0f2   0x00000002   PAD
    0x0001c0f4   0x0000001e   Code   RO         2569    .emb_text           twi_sw_master.o
    0x0001c112   0x00000002   PAD
    0x0001c114   0x00000038   Code   RO         2623    .text               arm_startup_nrf51.o
    0x0001c14c   0x0000002c   Code   RO         2672    .text               mc_p.l(uidiv.o)
    0x0001c178   0x00000028   Code   RO         2674    .text               mc_p.l(idiv.o)
    0x0001c1a0   0x00000040   Code   RO         2678    .text               mc_p.l(memmovea.o)
    0x0001c1e0   0x00000024   Code   RO         2680    .text               mc_p.l(memseta.o)
    0x0001c204   0x0000000e   Code   RO         2682    .text               mc_p.l(strlen.o)
    0x0001c212   0x0000001a   Code   RO         2686    .text               mc_p.l(memcmp.o)
    0x0001c22c   0x00000012   Code   RO         2688    .text               mc_p.l(strcpy.o)
    0x0001c23e   0x00000002   PAD
    0x0001c240   0x00000024   Code   RO         2710    .text               mc_p.l(init.o)
    0x0001c264   0x00000108   Code   RO         1316    i.GPIOTE_IRQHandler  nrf_drv_gpiote.o
    0x0001c36c   0x00000044   Code   RO         2031    i.NVIC_SetPriority  app_timer.o
    0x0001c3b0   0x00000020   Code   RO         2032    i.RTC1_IRQHandler   app_timer.o
    0x0001c3d0   0x00000024   Code   RO         2405    i.SEGGER_RTT_Write  segger_rtt.o
    0x0001c3f4   0x0000005c   Code   RO         2406    i.SEGGER_RTT_WriteNoLock  segger_rtt.o
    0x0001c450   0x00000018   Code   RO         2408    i.SEGGER_RTT_WriteString  segger_rtt.o
    0x0001c468   0x00000018   Code   RO         2530    i.SEGGER_RTT_printf  segger_rtt_printf.o
    0x0001c480   0x00000194   Code   RO         2531    i.SEGGER_RTT_vprintf  segger_rtt_printf.o
    0x0001c614   0x00000008   Code   RO         2033    i.SWI0_IRQHandler   app_timer.o
    0x0001c61c   0x00000024   Code   RO         2230    i.SWI2_IRQHandler   softdevice_handler.o
    0x0001c640   0x00000054   Code   RO         2630    i.SystemInit        system_nrf51.o
    0x0001c694   0x00000104   Code   RO         1506    i.UART0_IRQHandler  nrf_drv_uart.o
    0x0001c798   0x0000006c   Code   RO         2409    i._DoInit           segger_rtt.o
    0x0001c804   0x00000016   Code   RO         2410    i._GetAvailWriteSpace  segger_rtt.o
    0x0001c81a   0x000000c8   Code   RO         2532    i._PrintInt         segger_rtt_printf.o
    0x0001c8e2   0x00000002   PAD
    0x0001c8e4   0x000000d8   Code   RO         2533    i._PrintUnsigned    segger_rtt_printf.o
    0x0001c9bc   0x0000003e   Code   RO         2534    i._StoreChar        segger_rtt_printf.o
    0x0001c9fa   0x00000060   Code   RO         2412    i._WriteBlocking    segger_rtt.o
    0x0001ca5a   0x0000003c   Code   RO         2413    i._WriteNoCheck     segger_rtt.o
    0x0001ca96   0x0000001a   Code   RO          416    i.__ARM_common_switch8  bsp.o
    0x0001cab0   0x0000000e   Code   RO         2714    i.__scatterload_copy  mc_p.l(handlers.o)
    0x0001cabe   0x00000002   Code   RO         2715    i.__scatterload_null  mc_p.l(handlers.o)
    0x0001cac0   0x0000000e   Code   RO         2716    i.__scatterload_zeroinit  mc_p.l(handlers.o)
    0x0001cace   0x00000216   Code   RO          507    i.adv_data_encode   ble_advdata.o
    0x0001cce4   0x0000007c   Code   RO            4    i.advertising_init  main.o
    0x0001cd60   0x00000018   Code   RO          322    i.alert_timer_handler  bsp.o
    0x0001cd78   0x00000024   Code   RO         1895    i.app_button_enable  app_button.o
    0x0001cd9c   0x00000074   Code   RO         1896    i.app_button_init   app_button.o
    0x0001ce10   0x0000001c   Code   RO         1955    i.app_error_handler  app_error.o
    0x0001ce2c   0x0000000c   Code   RO          910    i.app_evt_notify    device_manager_peripheral.o
    0x0001ce38   0x0000002c   Code   RO         1653    i.app_notify        pstorage.o
    0x0001ce64   0x00000020   Code   RO         1654    i.app_notify_error_state_transit  pstorage.o
    0x0001ce84   0x0000002c   Code   RO         2036    i.app_timer_create  app_timer.o
    0x0001ceb0   0x00000090   Code   RO         2037    i.app_timer_init    app_timer.o
    0x0001cf40   0x0000007c   Code   RO         2038    i.app_timer_start   app_timer.o
    0x0001cfbc   0x00000054   Code   RO         2039    i.app_timer_stop    app_timer.o
    0x0001d010   0x00000068   Code   RO          508    i.ble_advdata_set   ble_advdata.o
    0x0001d078   0x00000124   Code   RO          584    i.ble_advertising_init  ble_advertising.o
    0x0001d19c   0x00000010   Code   RO          588    i.ble_advertising_peer_address_clear  ble_advertising.o
    0x0001d1ac   0x000001e0   Code   RO          590    i.ble_advertising_start  ble_advertising.o
    0x0001d38c   0x0000005e   Code   RO          509    i.ble_device_addr_encode  ble_advdata.o
    0x0001d3ea   0x00000014   Code   RO          449    i.bsp_btn_ble_sleep_mode_prepare  bsp_btn_ble.o
    0x0001d3fe   0x00000002   PAD
    0x0001d400   0x000000a0   Code   RO          323    i.bsp_button_event_handler  bsp.o
    0x0001d4a0   0x00000048   Code   RO          328    i.bsp_event_to_button_action_assign  bsp.o
    0x0001d4e8   0x0000001c   Code   RO          329    i.bsp_indication_set  bsp.o
    0x0001d504   0x000000a0   Code   RO          331    i.bsp_init          bsp.o
    0x0001d5a4   0x000001f8   Code   RO          332    i.bsp_led_indication  bsp.o
    0x0001d79c   0x0000003c   Code   RO          333    i.bsp_wakeup_buttons_set  bsp.o
    0x0001d7d8   0x0000000c   Code   RO          334    i.button_timer_handler  bsp.o
    0x0001d7e4   0x0000001c   Code   RO         1317    i.channel_free      nrf_drv_gpiote.o
    0x0001d800   0x00000048   Code   RO         1318    i.channel_port_alloc  nrf_drv_gpiote.o
    0x0001d848   0x00000010   Code   RO         1319    i.channel_port_get  nrf_drv_gpiote.o
    0x0001d858   0x00000104   Code   RO         1655    i.clear_operation_execute  pstorage.o
    0x0001d95c   0x00000024   Code   RO         1656    i.clear_post_processing_run  pstorage.o
    0x0001d980   0x00000038   Code   RO         1657    i.cmd_process       pstorage.o
    0x0001d9b8   0x00000020   Code   RO         1658    i.cmd_queue_element_init  pstorage.o
    0x0001d9d8   0x0000004c   Code   RO         1659    i.cmd_queue_enqueue  pstorage.o
    0x0001da24   0x0000003c   Code   RO         1660    i.command_end_procedure_run  pstorage.o
    0x0001da60   0x000000a8   Code   RO         2041    i.compare_reg_update  app_timer.o
    0x0001db08   0x00000088   Code   RO          510    i.conn_int_encode   ble_advdata.o
    0x0001db90   0x00000024   Code   RO          913    i.connection_instance_init  device_manager_peripheral.o
    0x0001dbb4   0x00000054   Code   RO         1661    i.data_page_erase_state_run  pstorage.o
    0x0001dc08   0x00000028   Code   RO         1662    i.data_to_swap_write_state_run  pstorage.o
    0x0001dc30   0x00000060   Code   RO         1898    i.detection_delay_timeout_handler  app_button.o
    0x0001dc90   0x00000012   Code   RO            6    i.device_manager_evt_handler  main.o
    0x0001dca2   0x00000002   PAD
    0x0001dca4   0x00000074   Code   RO            7    i.device_manager_init  main.o
    0x0001dd18   0x0000001c   Code   RO          928    i.dm_handle_initialize  device_manager_peripheral.o
    0x0001dd34   0x000000c4   Code   RO          929    i.dm_init           device_manager_peripheral.o
    0x0001ddf8   0x0000018c   Code   RO          932    i.dm_pstorage_cb_handler  device_manager_peripheral.o
    0x0001df84   0x00000074   Code   RO          933    i.dm_register       device_manager_peripheral.o
    0x0001dff8   0x00000040   Code   RO         2042    i.elapsed_ticks_acquire  app_timer.o
    0x0001e038   0x00000020   Code   RO         1663    i.flash_api_err_code_process  pstorage.o
    0x0001e058   0x0000000a   Code   RO         1665    i.flash_page_erase  pstorage.o
    0x0001e062   0x0000000a   Code   RO         1666    i.flash_write       pstorage.o
    0x0001e06c   0x00000068   Code   RO            8    i.gap_params_init   main.o
    0x0001e0d4   0x00000004   Code   RO          940    i.gattc_context_apply  device_manager_peripheral.o
    0x0001e0d8   0x00000004   Code   RO          941    i.gattc_context_load  device_manager_peripheral.o
    0x0001e0dc   0x00000004   Code   RO          942    i.gattc_context_store  device_manager_peripheral.o
    0x0001e0e0   0x000000b0   Code   RO          943    i.gatts_context_apply  device_manager_peripheral.o
    0x0001e190   0x00000030   Code   RO          944    i.gatts_context_load  device_manager_peripheral.o
    0x0001e1c0   0x000000ac   Code   RO          945    i.gatts_context_store  device_manager_peripheral.o
    0x0001e26c   0x00000008   Code   RO          946    i.gattsc_context_apply  device_manager_peripheral.o
    0x0001e274   0x00000008   Code   RO          947    i.gattsc_context_load  device_manager_peripheral.o
    0x0001e27c   0x00000008   Code   RO          948    i.gattsc_context_store  device_manager_peripheral.o
    0x0001e284   0x00000050   Code   RO         1899    i.gpiote_event_handler  app_button.o
    0x0001e2d4   0x00000078   Code   RO         1667    i.head_restore_state_run  pstorage.o
    0x0001e34c   0x00000080   Code   RO         2231    i.intern_softdevice_events_execute  softdevice_handler.o
    0x0001e3cc   0x00000048   Code   RO         2631    i.is_manual_peripheral_setup_needed  system_nrf51.o
    0x0001e414   0x00000044   Code   RO         1668    i.is_page_erase_required  pstorage.o
    0x0001e458   0x0000000c   Code   RO         1669    i.is_word_aligned   pstorage.o
    0x0001e464   0x00000054   Code   RO          511    i.le_role_encode    ble_advdata.o
    0x0001e4b8   0x00000018   Code   RO          335    i.leds_timer_handler  bsp.o
    0x0001e4d0   0x000000bc   Code   RO         2043    i.list_deletions_handler  app_timer.o
    0x0001e58c   0x000000d4   Code   RO         2044    i.list_insertions_handler  app_timer.o
    0x0001e660   0x000000f4   Code   RO            9    i.main              main.o
    0x0001e754   0x00000068   Code   RO          512    i.manuf_specific_data_encode  ble_advdata.o
    0x0001e7bc   0x0000009e   Code   RO          513    i.name_encode       ble_advdata.o
    0x0001e85a   0x00000004   Code   RO          949    i.no_service_context_apply  device_manager_peripheral.o
    0x0001e85e   0x00000004   Code   RO          950    i.no_service_context_load  device_manager_peripheral.o
    0x0001e862   0x00000004   Code   RO          951    i.no_service_context_store  device_manager_peripheral.o
    0x0001e866   0x00000002   PAD
    0x0001e868   0x00000060   Code   RO         1290    i.nrf_drv_common_irq_enable  nrf_drv_common.o
    0x0001e8c8   0x000000a0   Code   RO         1322    i.nrf_drv_gpiote_in_event_enable  nrf_drv_gpiote.o
    0x0001e968   0x000000a4   Code   RO         1323    i.nrf_drv_gpiote_in_init  nrf_drv_gpiote.o
    0x0001ea0c   0x00000014   Code   RO         1324    i.nrf_drv_gpiote_in_is_set  nrf_drv_gpiote.o
    0x0001ea20   0x00000054   Code   RO         1326    i.nrf_drv_gpiote_init  nrf_drv_gpiote.o
    0x0001ea74   0x00000010   Code   RO         1327    i.nrf_drv_gpiote_is_init  nrf_drv_gpiote.o
    0x0001ea84   0x00000024   Code   RO         1339    i.nrf_gpio_cfg      nrf_drv_gpiote.o
    0x0001eaa8   0x00000020   Code   RO         1341    i.nrf_gpio_cfg_sense_set  nrf_drv_gpiote.o
    0x0001eac8   0x00000014   Code   RO         1342    i.nrf_gpiote_event_is_set  nrf_drv_gpiote.o
    0x0001eadc   0x0000000a   Code   RO         1520    i.nrf_uart_event_check  nrf_drv_uart.o
    0x0001eae6   0x00000010   Code   RO         1521    i.nrf_uart_int_enable_check  nrf_drv_uart.o
    0x0001eaf6   0x00000046   Code   RO           10    i.on_adv_evt        main.o
    0x0001eb3c   0x00000016   Code   RO          592    i.peer_address_exists  ble_advertising.o
    0x0001eb52   0x00000002   PAD
    0x0001eb54   0x00000040   Code   RO          952    i.peer_instance_init  device_manager_peripheral.o
    0x0001eb94   0x00000018   Code   RO         1343    i.pin_in_use_by_port  nrf_drv_gpiote.o
    0x0001ebac   0x00000018   Code   RO         1344    i.pin_in_use_by_te  nrf_drv_gpiote.o
    0x0001ebc4   0x00000028   Code   RO         1671    i.pstorage_access_status_get  pstorage.o
    0x0001ebec   0x00000054   Code   RO         1672    i.pstorage_block_identifier_get  pstorage.o
    0x0001ec40   0x000000a4   Code   RO         1673    i.pstorage_clear    pstorage.o
    0x0001ece4   0x00000024   Code   RO         1674    i.pstorage_flash_page_end  pstorage.o
    0x0001ed08   0x0000000a   Code   RO         1675    i.pstorage_flash_page_size  pstorage.o
    0x0001ed12   0x00000002   PAD
    0x0001ed14   0x0000004c   Code   RO         1676    i.pstorage_init     pstorage.o
    0x0001ed60   0x000000a8   Code   RO         1677    i.pstorage_load     pstorage.o
    0x0001ee08   0x000000bc   Code   RO         1678    i.pstorage_register  pstorage.o
    0x0001eec4   0x00000090   Code   RO         1679    i.pstorage_store    pstorage.o
    0x0001ef54   0x00000090   Code   RO         1681    i.pstorage_update   pstorage.o
    0x0001efe4   0x000000cc   Code   RO           11    i.read_temp_info    main.o
    0x0001f0b0   0x00000044   Code   RO         2045    i.rtc1_stop         app_timer.o
    0x0001f0f4   0x0000002c   Code   RO         1522    i.rx_byte           nrf_drv_uart.o
    0x0001f120   0x00000020   Code   RO         1523    i.rx_done_event     nrf_drv_uart.o
    0x0001f140   0x00000048   Code   RO           12    i.sampler_timer_handler  main.o
    0x0001f188   0x0000008e   Code   RO          514    i.service_data_encode  ble_advdata.o
    0x0001f216   0x00000002   PAD
    0x0001f218   0x00000048   Code   RO         1682    i.sm_state_change   pstorage.o
    0x0001f260   0x0000000c   Code   RO         2232    i.softdevice_assertion_handler  softdevice_handler.o
    0x0001f26c   0x00000030   Code   RO         2234    i.softdevice_handler_init  softdevice_handler.o
    0x0001f29c   0x00000064   Code   RO         1683    i.state_data_erase_swap_entry_run  pstorage.o
    0x0001f300   0x00000010   Code   RO         1684    i.state_erase_data_page_entry_run  pstorage.o
    0x0001f310   0x00000028   Code   RO         1685    i.state_restore_head_entry_run  pstorage.o
    0x0001f338   0x0000004c   Code   RO         1686    i.state_restore_tail_entry_run  pstorage.o
    0x0001f384   0x00000020   Code   RO         1687    i.state_swap_erase_entry_run  pstorage.o
    0x0001f3a4   0x00000030   Code   RO         1688    i.state_write_data_swap_entry_run  pstorage.o
    0x0001f3d4   0x0000005c   Code   RO         1689    i.store_cmd_flash_write_execute  pstorage.o
    0x0001f430   0x0000001c   Code   RO         1690    i.swap_erase_state_run  pstorage.o
    0x0001f44c   0x00000018   Code   RO         1691    i.swap_sub_state_err_busy_process  pstorage.o
    0x0001f464   0x00000014   Code   RO         1692    i.swap_sub_state_state_change  pstorage.o
    0x0001f478   0x0000001c   Code   RO         1693    i.tail_restore_state_run  pstorage.o
    0x0001f494   0x00000084   Code   RO         2046    i.timer_list_handler  app_timer.o
    0x0001f518   0x00000010   Code   RO         2047    i.timer_list_handler_sched  app_timer.o
    0x0001f528   0x00000040   Code   RO         2048    i.timer_list_insert  app_timer.o
    0x0001f568   0x00000084   Code   RO         2049    i.timer_timeouts_check  app_timer.o
    0x0001f5ec   0x00000068   Code   RO           13    i.timers_init       main.o
    0x0001f654   0x00000054   Code   RO         2570    i.twi_master_clear_bus  twi_sw_master.o
    0x0001f6a8   0x00000068   Code   RO         2571    i.twi_master_clock_byte  twi_sw_master.o
    0x0001f710   0x0000006c   Code   RO         2572    i.twi_master_clock_byte_in  twi_sw_master.o
    0x0001f77c   0x0000002c   Code   RO         2573    i.twi_master_init   twi_sw_master.o
    0x0001f7a8   0x000000b4   Code   RO         2574    i.twi_master_transfer  twi_sw_master.o
    0x0001f85c   0x00000020   Code   RO         2575    i.twi_master_wait_while_scl_low  twi_sw_master.o
    0x0001f87c   0x0000002c   Code   RO         1525    i.tx_byte           nrf_drv_uart.o
    0x0001f8a8   0x00000020   Code   RO         1526    i.tx_done_event     nrf_drv_uart.o
    0x0001f8c8   0x0000000a   Code   RO          515    i.uint16_encode     ble_advdata.o
    0x0001f8d2   0x00000002   PAD
    0x0001f8d4   0x00000014   Code   RO          954    i.update_status_bit_reset  device_manager_peripheral.o
    0x0001f8e8   0x00000054   Code   RO         2050    i.user_id_get       app_timer.o
    0x0001f93c   0x00000026   Code   RO         2051    i.user_op_alloc     app_timer.o
    0x0001f962   0x00000030   Code   RO          516    i.uuid_list_encode  ble_advdata.o
    0x0001f992   0x000000ae   Code   RO          517    i.uuid_list_sized_encode  ble_advdata.o
    0x0001fa40   0x000000a8   Code   RO           14    i.warmup_timer_handler  main.o
    0x0001fae8   0x00000010   Code   RO          593    i.whitelist_has_entries  ble_advertising.o
    0x0001faf8   0x00000008   Data   RO           18    .constdata          main.o
    0x0001fb00   0x0000003c   Data   RO          340    .constdata          bsp.o
    0x0001fb3c   0x00000034   Data   RO          956    .constdata          device_manager_peripheral.o
    0x0001fb70   0x00000028   Data   RO         1695    .constdata          pstorage.o
    0x0001fb98   0x00000008   Data   RO         1901    .constdata          app_button.o
    0x0001fba0   0x00000010   Data   RO         2535    .constdata          segger_rtt_printf.o
    0x0001fbb0   0x00000020   Data   RO         2712    Region$$Table       anon$$obj.o


    Execution Region RW_IRAM1 (Base: 0x20002800, Size: 0x00001400, Max: 0x00005800, ABSOLUTE)

    Base Addr    Size         Type   Attr      Idx    E Section Name        Object

    0x20002800   0x00000008   Data   RW           19    .data               main.o
    0x20002808   0x00000018   Data   RW          341    .data               bsp.o
    0x20002820   0x0000001f   Data   RW          595    .data               ble_advertising.o
    0x2000283f   0x00000001   PAD
    0x20002840   0x00000018   Data   RW          957    .data               device_manager_peripheral.o
    0x20002858   0x00000024   Data   RW         1696    .data               pstorage.o
    0x2000287c   0x00000014   Data   RW         1902    .data               app_button.o
    0x20002890   0x00000020   Data   RW         2052    .data               app_timer.o
    0x200028b0   0x00000014   Data   RW         2238    .data               softdevice_handler.o
    0x200028c4   0x00000004   Data   RW         2632    .data               system_nrf51.o
    0x200028c8   0x00000020   Zero   RW           15    .bss                main.o
    0x200028e8   0x00000020   Zero   RW           16    .bss                main.o
    0x20002908   0x00000254   Zero   RW           17    .bss                main.o
    0x20002b5c   0x00000020   Zero   RW          336    .bss                bsp.o
    0x20002b7c   0x00000020   Zero   RW          337    .bss                bsp.o
    0x20002b9c   0x0000000c   Zero   RW          338    .bss                bsp.o
    0x20002ba8   0x00000020   Zero   RW          339    .bss                bsp.o
    0x20002bc8   0x00000103   Zero   RW          594    .bss                ble_advertising.o
    0x20002ccb   0x00000001   PAD
    0x20002ccc   0x0000014f   Zero   RW          955    .bss                device_manager_peripheral.o
    0x20002e1b   0x00000001   PAD
    0x20002e1c   0x00000048   Zero   RW         1345    .bss                nrf_drv_gpiote.o
    0x20002e64   0x00000018   Zero   RW         1527    .bss                nrf_drv_uart.o
    0x20002e7c   0x000000d8   Zero   RW         1694    .bss                pstorage.o
    0x20002f54   0x00000020   Zero   RW         1900    .bss                app_button.o
    0x20002f74   0x00000488   Zero   RW         2414    .bss                segger_rtt.o
    0x200033fc   0x00000004   PAD
    0x20003400   0x00000800   Zero   RW         2620    STACK               arm_startup_nrf51.o


==============================================================================

Image component sizes


      Code (inc. data)   RO Data    RW Data    ZI Data      Debug   Object Name

       328         34          8         20         32       9122   app_button.o
        28         10          0          0          0       7712   app_error.o
      1700        152          0         32          0      29251   app_timer.o
        56         18        192          0       2048        720   arm_startup_nrf51.o
      1588          6          0          0          0      19096   ble_advdata.o
       826         22          0         31        259      14652   ble_advertising.o
      1070        108         60         24        108      20465   bsp.o
        20          0          0          0          0      30721   bsp_btn_ble.o
      1312        116         52         24        335      26575   device_manager_peripheral.o
      1224        210          8          8        660      79395   main.o
        96         18          0          0          0       8468   nrf_drv_common.o
       960        128          0          0         72      22188   nrf_drv_gpiote.o
       438         54          0          0         24      13019   nrf_drv_uart.o
      2602        240         40         36        216      36109   pstorage.o
       438         44          0          0       1160       9537   segger_rtt.o
       906          6         16          0          0       7413   segger_rtt_printf.o
       224         16          0         20          0       9514   softdevice_handler.o
       156         26          0          4          0       2247   system_nrf51.o
       582         44          0          0          0       6560   twi_sw_master.o

    ----------------------------------------------------------------------
     14574       1252        408        200       4920     352764   Object Totals
         0          0         32          0          0          0   (incl. Generated)
        20          0          0          1          6          0   (incl. Padding)

    ----------------------------------------------------------------------

      Code (inc. data)   RO Data    RW Data    ZI Data      Debug   Library Member Name

         0          0          0          0          0          0   entry.o
         0          0          0          0          0          0   entry10a.o
         0          0          0          0          0          0   entry11a.o
         8          4          0          0          0          0   entry2.o
         4          0          0          0          0          0   entry5.o
         0          0          0          0          0          0   entry7b.o
         0          0          0          0          0          0   entry8b.o
         8          4          0          0          0          0   entry9a.o
        30          0          0          0          0          0   handlers.o
        40          0          0          0          0         72   idiv.o
        36          8          0          0          0         68   init.o
        26          0          0          0          0         72   memcmp.o
        64          0          0          0          0         68   memmovea.o
        36          0          0          0          0        100   memseta.o
        18          0          0          0          0         60   strcpy.o
        14          0          0          0          0         60   strlen.o
        44          0          0          0          0         72   uidiv.o

    ----------------------------------------------------------------------
       330         16          0          0          0        572   Library Totals
         2          0          0          0          0          0   (incl. Padding)

    ----------------------------------------------------------------------

      Code (inc. data)   RO Data    RW Data    ZI Data      Debug   Library Name

       328         16          0          0          0        572   mc_p.l

    ----------------------------------------------------------------------
       330         16          0          0          0        572   Library Totals

    ----------------------------------------------------------------------

==============================================================================


      Code (inc. data)   RO Data    RW Data    ZI Data      Debug   

     14904       1268        408        200       4920     346080   Grand Totals
     14904       1268        408        200       4920     346080   ELF Image Totals
     14904       1268        408        200          0          0   ROM Totals

==============================================================================

    Total RO  Size (Code + RO Data)                15312 (  14.95kB)
    Total RW  Size (RW Data + ZI Data)              5120 (   5.00kB)
    Total ROM Size (Code + RO Data + RW Data)      15512 (  15.15kB)

==============================================================================

